<html>
<body>
<pre>
<h1>µVision Build Log</h1>
<h2>Tool Versions:</h2>
IDE-Version: ¦ÌVision V5.25.3.0
Copyright (C) 2018 ARM Ltd and ARM Germany GmbH. All rights reserved.
License Information: zz 3360802595@qq.com, zz, LIC=EXJT4-F5ANC-630MB-2VE0K-LQ26W-W102M
 
Tool Versions:
Toolchain:       MDK-ARM Plus  Version: 5.34.0.0
Toolchain Path:  C:\Keil_v5\ARM\ARMCC\Bin
C Compiler:      Armcc.exe V5.06 update 6 (build 750)
Assembler:       Armasm.exe V5.06 update 6 (build 750)
Linker/Locator:  ArmLink.exe V5.06 update 6 (build 750)
Library Manager: ArmAr.exe V5.06 update 6 (build 750)
Hex Converter:   FromElf.exe V5.06 update 6 (build 750)
CPU DLL:         SARMCM3.DLL V5.34.0.0
Dialog DLL:      DCM.DLL V1.17.3.0
Target DLL:      STLink\ST-LINKIII-KEIL_SWO.dll V3.0.8.0
Dialog DLL:      TCM.DLL V1.48.0.0
 
<h2>Project:</h2>
D:\ÃÅ½û¿ØÖÆÆ÷\3-1 STM32\Project.uvprojx
Project File Date:  04/02/2026

<h2>Output:</h2>
*** Using Compiler 'V5.06 update 6 (build 750)', folder: 'C:\Keil_v5\ARM\ARMCC\Bin'
Rebuild target 'Target 1'
assembling startup_stm32f10x_md.s...
compiling system_stm32f10x.c...
compiling misc.c...
compiling stm32f10x_bkp.c...
compiling core_cm3.c...
compiling stm32f10x_dbgmcu.c...
compiling stm32f10x_can.c...
compiling stm32f10x_crc.c...
compiling stm32f10x_dac.c...
compiling stm32f10x_dma.c...
compiling stm32f10x_adc.c...
compiling stm32f10x_cec.c...
compiling stm32f10x_exti.c...
compiling stm32f10x_flash.c...
compiling stm32f10x_fsmc.c...
compiling stm32f10x_gpio.c...
compiling stm32f10x_i2c.c...
compiling stm32f10x_iwdg.c...
compiling stm32f10x_pwr.c...
compiling stm32f10x_rcc.c...
compiling stm32f10x_rtc.c...
compiling stm32f10x_sdio.c...
compiling stm32f10x_spi.c...
compiling stm32f10x_usart.c...
compiling stm32f10x_tim.c...
compiling oled_font.c...
compiling stm32f10x_wwdg.c...
compiling main.c...
.\BSP\bsp_syn6288.h(28): warning:  #1-D: last line of file ends without a newline
  #endif
User\main.c(401): warning:  #1-D: last line of file ends without a newline
  }
User\main.c: 2 warnings, 0 errors
compiling stm32f10x_it.c...
compiling bsp_beep.c...
compiling bsp_delay.c...
compiling bsp_oled.c...
compiling bsp_key.c...
compiling bsp_hx711.c...
compiling bsp_syn6288.c...
BSP\bsp_syn6288.h(28): warning:  #1-D: last line of file ends without a newline
  #endif
BSP\bsp_syn6288.c(92): warning:  #1-D: last line of file ends without a newline
  }
BSP\bsp_syn6288.c: 2 warnings, 0 errors
compiling bsp_as608.c...
BSP\bsp_as608.c(14): warning:  #550-D: variable "rx_timeout"  was set but never used
  static uint16_t rx_timeout = 0;
BSP\bsp_as608.c: 1 warning, 0 errors
compiling bsp_esp8266.c...
linking...
Program Size: Code=8640 RO-data=1788 RW-data=248 ZI-data=2168  
FromELF: creating hex file...
".\Objects\Project.axf" - 0 Error(s), 5 Warning(s).

<h2>Software Packages used:</h2>

Package Vendor: Keil
                http://www.keil.com/pack/Keil.STM32F1xx_DFP.2.4.0.pack
                Keil.STM32F1xx_DFP.2.4.0
                STMicroelectronics STM32F1 Series Device Support, Drivers and Examples

<h2>Collection of Component include folders:</h2>
  .\RTE\_Target_1
  C:\Users\33608\AppData\Local\Arm\Packs\Keil\STM32F1xx_DFP\2.4.0_bak_0\Device\Include

<h2>Collection of Component Files used:</h2>
Build Time Elapsed:  00:00:02
</pre>
</body>
</html>
