Component: ARM Compiler 5.06 update 6 (build 750) Tool: armlink [4d35ed]

==============================================================================

Section Cross References

    startup_stm32f10x_md.o(RESET) refers to startup_stm32f10x_md.o(STACK) for __initial_sp
    startup_stm32f10x_md.o(RESET) refers to startup_stm32f10x_md.o(.text) for Reset_Handler
    startup_stm32f10x_md.o(RESET) refers to stm32f10x_it.o(i.NMI_Handler) for NMI_Handler
    startup_stm32f10x_md.o(RESET) refers to stm32f10x_it.o(i.HardFault_Handler) for HardFault_Handler
    startup_stm32f10x_md.o(RESET) refers to stm32f10x_it.o(i.MemManage_Handler) for MemManage_Handler
    startup_stm32f10x_md.o(RESET) refers to stm32f10x_it.o(i.BusFault_Handler) for BusFault_Handler
    startup_stm32f10x_md.o(RESET) refers to stm32f10x_it.o(i.UsageFault_Handler) for UsageFault_Handler
    startup_stm32f10x_md.o(RESET) refers to stm32f10x_it.o(i.SVC_Handler) for SVC_Handler
    startup_stm32f10x_md.o(RESET) refers to stm32f10x_it.o(i.DebugMon_Handler) for DebugMon_Handler
    startup_stm32f10x_md.o(RESET) refers to stm32f10x_it.o(i.PendSV_Handler) for PendSV_Handler
    startup_stm32f10x_md.o(RESET) refers to stm32f10x_it.o(i.TIM2_IRQHandler) for TIM2_IRQHandler
    startup_stm32f10x_md.o(RESET) refers to stm32f10x_it.o(i.USART1_IRQHandler) for USART1_IRQHandler
    startup_stm32f10x_md.o(RESET) refers to bsp_esp8266.o(i.USART2_IRQHandler) for USART2_IRQHandler
    startup_stm32f10x_md.o(.text) refers to system_stm32f10x.o(i.SystemInit) for SystemInit
    startup_stm32f10x_md.o(.text) refers to entry.o(.ARM.Collect$$$$00000000) for __main
    system_stm32f10x.o(i.SetSysClock) refers to system_stm32f10x.o(i.SetSysClockTo72) for SetSysClockTo72
    system_stm32f10x.o(i.SystemCoreClockUpdate) refers to system_stm32f10x.o(.data) for .data
    system_stm32f10x.o(i.SystemInit) refers to system_stm32f10x.o(i.SetSysClock) for SetSysClock
    stm32f10x_adc.o(i.ADC_DeInit) refers to stm32f10x_rcc.o(i.RCC_APB2PeriphResetCmd) for RCC_APB2PeriphResetCmd
    stm32f10x_bkp.o(i.BKP_DeInit) refers to stm32f10x_rcc.o(i.RCC_BackupResetCmd) for RCC_BackupResetCmd
    stm32f10x_can.o(i.CAN_DeInit) refers to stm32f10x_rcc.o(i.RCC_APB1PeriphResetCmd) for RCC_APB1PeriphResetCmd
    stm32f10x_can.o(i.CAN_GetITStatus) refers to stm32f10x_can.o(i.CheckITStatus) for CheckITStatus
    stm32f10x_cec.o(i.CEC_DeInit) refers to stm32f10x_rcc.o(i.RCC_APB1PeriphResetCmd) for RCC_APB1PeriphResetCmd
    stm32f10x_dac.o(i.DAC_DeInit) refers to stm32f10x_rcc.o(i.RCC_APB1PeriphResetCmd) for RCC_APB1PeriphResetCmd
    stm32f10x_flash.o(i.FLASH_EnableWriteProtection) refers to stm32f10x_flash.o(i.FLASH_WaitForLastOperation) for FLASH_WaitForLastOperation
    stm32f10x_flash.o(i.FLASH_EraseAllBank1Pages) refers to stm32f10x_flash.o(i.FLASH_WaitForLastBank1Operation) for FLASH_WaitForLastBank1Operation
    stm32f10x_flash.o(i.FLASH_EraseAllPages) refers to stm32f10x_flash.o(i.FLASH_WaitForLastOperation) for FLASH_WaitForLastOperation
    stm32f10x_flash.o(i.FLASH_EraseOptionBytes) refers to stm32f10x_flash.o(i.FLASH_GetReadOutProtectionStatus) for FLASH_GetReadOutProtectionStatus
    stm32f10x_flash.o(i.FLASH_EraseOptionBytes) refers to stm32f10x_flash.o(i.FLASH_WaitForLastOperation) for FLASH_WaitForLastOperation
    stm32f10x_flash.o(i.FLASH_ErasePage) refers to stm32f10x_flash.o(i.FLASH_WaitForLastOperation) for FLASH_WaitForLastOperation
    stm32f10x_flash.o(i.FLASH_ProgramHalfWord) refers to stm32f10x_flash.o(i.FLASH_WaitForLastOperation) for FLASH_WaitForLastOperation
    stm32f10x_flash.o(i.FLASH_ProgramOptionByteData) refers to stm32f10x_flash.o(i.FLASH_WaitForLastOperation) for FLASH_WaitForLastOperation
    stm32f10x_flash.o(i.FLASH_ProgramWord) refers to stm32f10x_flash.o(i.FLASH_WaitForLastOperation) for FLASH_WaitForLastOperation
    stm32f10x_flash.o(i.FLASH_ReadOutProtection) refers to stm32f10x_flash.o(i.FLASH_WaitForLastOperation) for FLASH_WaitForLastOperation
    stm32f10x_flash.o(i.FLASH_UserOptionByteConfig) refers to stm32f10x_flash.o(i.FLASH_WaitForLastOperation) for FLASH_WaitForLastOperation
    stm32f10x_flash.o(i.FLASH_WaitForLastBank1Operation) refers to stm32f10x_flash.o(i.FLASH_GetBank1Status) for FLASH_GetBank1Status
    stm32f10x_flash.o(i.FLASH_WaitForLastOperation) refers to stm32f10x_flash.o(i.FLASH_GetBank1Status) for FLASH_GetBank1Status
    stm32f10x_gpio.o(i.GPIO_AFIODeInit) refers to stm32f10x_rcc.o(i.RCC_APB2PeriphResetCmd) for RCC_APB2PeriphResetCmd
    stm32f10x_gpio.o(i.GPIO_DeInit) refers to stm32f10x_rcc.o(i.RCC_APB2PeriphResetCmd) for RCC_APB2PeriphResetCmd
    stm32f10x_i2c.o(i.I2C_DeInit) refers to stm32f10x_rcc.o(i.RCC_APB1PeriphResetCmd) for RCC_APB1PeriphResetCmd
    stm32f10x_i2c.o(i.I2C_Init) refers to stm32f10x_rcc.o(i.RCC_GetClocksFreq) for RCC_GetClocksFreq
    stm32f10x_pwr.o(i.PWR_DeInit) refers to stm32f10x_rcc.o(i.RCC_APB1PeriphResetCmd) for RCC_APB1PeriphResetCmd
[...]
    Removing stm32f10x_adc.o(i.ADC_RegularChannelConfig), (116 bytes).
    Removing stm32f10x_adc.o(i.ADC_ResetCalibration), (10 bytes).
    Removing stm32f10x_adc.o(i.ADC_SetInjectedOffset), (16 bytes).
    Removing stm32f10x_adc.o(i.ADC_SoftwareStartConvCmd), (24 bytes).
    Removing stm32f10x_adc.o(i.ADC_SoftwareStartInjectedConvCmd), (24 bytes).
    Removing stm32f10x_adc.o(i.ADC_StartCalibration), (10 bytes).
    Removing stm32f10x_adc.o(i.ADC_StructInit), (18 bytes).
    Removing stm32f10x_adc.o(i.ADC_TempSensorVrefintCmd), (32 bytes).
    Removing stm32f10x_bkp.o(i.BKP_ClearFlag), (16 bytes).
    Removing stm32f10x_bkp.o(i.BKP_ClearITPendingBit), (16 bytes).
    Removing stm32f10x_bkp.o(i.BKP_DeInit), (18 bytes).
    Removing stm32f10x_bkp.o(i.BKP_GetFlagStatus), (12 bytes).
    Removing stm32f10x_bkp.o(i.BKP_GetITStatus), (12 bytes).
    Removing stm32f10x_bkp.o(i.BKP_ITConfig), (12 bytes).
    Removing stm32f10x_bkp.o(i.BKP_RTCOutputConfig), (20 bytes).
    Removing stm32f10x_bkp.o(i.BKP_ReadBackupRegister), (20 bytes).
    Removing stm32f10x_bkp.o(i.BKP_SetRTCCalibrationValue), (20 bytes).
    Removing stm32f10x_bkp.o(i.BKP_TamperPinCmd), (12 bytes).
    Removing stm32f10x_bkp.o(i.BKP_TamperPinLevelConfig), (12 bytes).
    Removing stm32f10x_bkp.o(i.BKP_WriteBackupRegister), (20 bytes).
    Removing stm32f10x_can.o(i.CAN_CancelTransmit), (42 bytes).
    Removing stm32f10x_can.o(i.CAN_ClearFlag), (48 bytes).
    Removing stm32f10x_can.o(i.CAN_ClearITPendingBit), (136 bytes).
    Removing stm32f10x_can.o(i.CAN_DBGFreeze), (24 bytes).
    Removing stm32f10x_can.o(i.CAN_DeInit), (56 bytes).
    Removing stm32f10x_can.o(i.CAN_FIFORelease), (24 bytes).
    Removing stm32f10x_can.o(i.CAN_FilterInit), (212 bytes).
    Removing stm32f10x_can.o(i.CAN_GetFlagStatus), (82 bytes).
    Removing stm32f10x_can.o(i.CAN_GetITStatus), (204 bytes).
    Removing stm32f10x_can.o(i.CAN_GetLSBTransmitErrorCounter), (8 bytes).
    Removing stm32f10x_can.o(i.CAN_GetLastErrorCode), (10 bytes).
    Removing stm32f10x_can.o(i.CAN_GetReceiveErrorCounter), (6 bytes).
    Removing stm32f10x_can.o(i.CAN_ITConfig), (20 bytes).
    Removing stm32f10x_can.o(i.CAN_Init), (260 bytes).
    Removing stm32f10x_can.o(i.CAN_MessagePending), (28 bytes).
    Removing stm32f10x_can.o(i.CAN_OperatingModeRequest), (154 bytes).
    Removing stm32f10x_can.o(i.CAN_Receive), (130 bytes).
    Removing stm32f10x_can.o(i.CAN_SlaveStartBank), (44 bytes).
    Removing stm32f10x_can.o(i.CAN_Sleep), (30 bytes).
    Removing stm32f10x_can.o(i.CAN_StructInit), (32 bytes).
    Removing stm32f10x_can.o(i.CAN_TTComModeCmd), (96 bytes).
    Removing stm32f10x_can.o(i.CAN_Transmit), (182 bytes).
    Removing stm32f10x_can.o(i.CAN_TransmitStatus), (136 bytes).
    Removing stm32f10x_can.o(i.CAN_WakeUp), (40 bytes).
    Removing stm32f10x_can.o(i.CheckITStatus), (12 bytes).
    Removing stm32f10x_cec.o(i.CEC_ClearFlag), (32 bytes).
    Removing stm32f10x_cec.o(i.CEC_ClearITPendingBit), (32 bytes).
    Removing stm32f10x_cec.o(i.CEC_Cmd), (28 bytes).
    Removing stm32f10x_cec.o(i.CEC_DeInit), (24 bytes).
    Removing stm32f10x_cec.o(i.CEC_EndOfMessageCmd), (12 bytes).
    Removing stm32f10x_cec.o(i.CEC_GetFlagStatus), (40 bytes).
    Removing stm32f10x_cec.o(i.CEC_GetITStatus), (36 bytes).
    Removing stm32f10x_cec.o(i.CEC_ITConfig), (12 bytes).
    Removing stm32f10x_cec.o(i.CEC_Init), (24 bytes).
    Removing stm32f10x_cec.o(i.CEC_OwnAddressConfig), (12 bytes).
    Removing stm32f10x_cec.o(i.CEC_ReceiveDataByte), (12 bytes).
    Removing stm32f10x_cec.o(i.CEC_SendDataByte), (12 bytes).
    Removing stm32f10x_cec.o(i.CEC_SetPrescaler), (12 bytes).
    Removing stm32f10x_cec.o(i.CEC_StartOfMessage), (12 bytes).
    Removing stm32f10x_crc.o(i.CRC_CalcBlockCRC), (28 bytes).
    Removing stm32f10x_crc.o(i.CRC_CalcCRC), (12 bytes).
    Removing stm32f10x_crc.o(i.CRC_GetCRC), (12 bytes).
    Removing stm32f10x_crc.o(i.CRC_GetIDRegister), (12 bytes).
    Removing stm32f10x_crc.o(i.CRC_ResetDR), (12 bytes).
    Removing stm32f10x_crc.o(i.CRC_SetIDRegister), (12 bytes).
    Removing stm32f10x_dac.o(i.DAC_Cmd), (32 bytes).
    Removing stm32f10x_dac.o(i.DAC_DMACmd), (32 bytes).
    Removing stm32f10x_dac.o(i.DAC_DeInit), (24 bytes).
    Removing stm32f10x_dac.o(i.DAC_DualSoftwareTriggerCmd), (32 bytes).
    Removing stm32f10x_dac.o(i.DAC_GetDataOutputValue), (24 bytes).
    Removing stm32f10x_dac.o(i.DAC_Init), (40 bytes).
    Removing stm32f10x_dac.o(i.DAC_SetChannel1Data), (20 bytes).
    Removing stm32f10x_dac.o(i.DAC_SetChannel2Data), (20 bytes).
    Removing stm32f10x_dac.o(i.DAC_SetDualChannelData), (28 bytes).
    Removing stm32f10x_dac.o(i.DAC_SoftwareTriggerCmd), (32 bytes).
    Removing stm32f10x_dac.o(i.DAC_StructInit), (12 bytes).
    Removing stm32f10x_dac.o(i.DAC_WaveGenerationCmd), (28 bytes).
    Removing stm32f10x_dbgmcu.o(i.DBGMCU_Config), (28 bytes).
    Removing stm32f10x_dbgmcu.o(i.DBGMCU_GetDEVID), (16 bytes).
    Removing stm32f10x_dbgmcu.o(i.DBGMCU_GetREVID), (12 bytes).
    Removing stm32f10x_dma.o(i.DMA_ClearFlag), (24 bytes).
    Removing stm32f10x_dma.o(i.DMA_ClearITPendingBit), (24 bytes).
    Removing stm32f10x_dma.o(i.DMA_Cmd), (26 bytes).
    Removing stm32f10x_dma.o(i.DMA_DeInit), (248 bytes).
    Removing stm32f10x_dma.o(i.DMA_GetCurrDataCounter), (6 bytes).
    Removing stm32f10x_dma.o(i.DMA_GetFlagStatus), (36 bytes).
    Removing stm32f10x_dma.o(i.DMA_GetITStatus), (36 bytes).
    Removing stm32f10x_dma.o(i.DMA_ITConfig), (20 bytes).
    Removing stm32f10x_dma.o(i.DMA_Init), (58 bytes).
    Removing stm32f10x_dma.o(i.DMA_SetCurrDataCounter), (4 bytes).
    Removing stm32f10x_dma.o(i.DMA_StructInit), (26 bytes).
    Removing stm32f10x_exti.o(i.EXTI_ClearFlag), (12 bytes).
    Removing stm32f10x_exti.o(i.EXTI_ClearITPendingBit), (12 bytes).
    Removing stm32f10x_exti.o(i.EXTI_DeInit), (36 bytes).
    Removing stm32f10x_exti.o(i.EXTI_GenerateSWInterrupt), (16 bytes).
    Removing stm32f10x_exti.o(i.EXTI_GetFlagStatus), (20 bytes).
    Removing stm32f10x_exti.o(i.EXTI_GetITStatus), (32 bytes).
    Removing stm32f10x_exti.o(i.EXTI_Init), (116 bytes).
    Removing stm32f10x_exti.o(i.EXTI_StructInit), (14 bytes).
    Removing stm32f10x_flash.o(i.FLASH_ClearFlag), (12 bytes).
    Removing stm32f10x_flash.o(i.FLASH_EnableWriteProtection), (172 bytes).
    Removing stm32f10x_flash.o(i.FLASH_EraseAllBank1Pages), (56 bytes).
    Removing stm32f10x_flash.o(i.FLASH_EraseAllPages), (56 bytes).
    Removing stm32f10x_flash.o(i.FLASH_EraseOptionBytes), (136 bytes).
    Removing stm32f10x_flash.o(i.FLASH_ErasePage), (60 bytes).
    Removing stm32f10x_flash.o(i.FLASH_GetBank1Status), (40 bytes).
    Removing stm32f10x_flash.o(i.FLASH_GetFlagStatus), (36 bytes).
    Removing stm32f10x_flash.o(i.FLASH_GetPrefetchBufferStatus), (20 bytes).
    Removing stm32f10x_flash.o(i.FLASH_GetReadOutProtectionStatus), (20 bytes).
    Removing stm32f10x_flash.o(i.FLASH_GetStatus), (40 bytes).
    Removing stm32f10x_flash.o(i.FLASH_GetUserOptionByte), (12 bytes).
    Removing stm32f10x_flash.o(i.FLASH_GetWriteProtectionOptionByte), (12 bytes).
    Removing stm32f10x_flash.o(i.FLASH_HalfCycleAccessCmd), (24 bytes).
    Removing stm32f10x_flash.o(i.FLASH_ITConfig), (28 bytes).
    Removing stm32f10x_flash.o(i.FLASH_Lock), (16 bytes).
    Removing stm32f10x_flash.o(i.FLASH_LockBank1), (16 bytes).
    Removing stm32f10x_flash.o(i.FLASH_PrefetchBufferCmd), (24 bytes).
    Removing stm32f10x_flash.o(i.FLASH_ProgramHalfWord), (52 bytes).
    Removing stm32f10x_flash.o(i.FLASH_ProgramOptionByteData), (76 bytes).
    Removing stm32f10x_flash.o(i.FLASH_ProgramWord), (92 bytes).
    Removing stm32f10x_flash.o(i.FLASH_ReadOutProtection), (136 bytes).
    Removing stm32f10x_flash.o(i.FLASH_SetLatency), (20 bytes).
    Removing stm32f10x_flash.o(i.FLASH_Unlock), (24 bytes).
    Removing stm32f10x_flash.o(i.FLASH_UnlockBank1), (24 bytes).
    Removing stm32f10x_flash.o(i.FLASH_UserOptionByteConfig), (96 bytes).
    Removing stm32f10x_flash.o(i.FLASH_WaitForLastBank1Operation), (32 bytes).
    Removing stm32f10x_flash.o(i.FLASH_WaitForLastOperation), (32 bytes).
    Removing stm32f10x_fsmc.o(i.FSMC_ClearFlag), (42 bytes).
    Removing stm32f10x_fsmc.o(i.FSMC_ClearITPendingBit), (48 bytes).
    Removing stm32f10x_fsmc.o(i.FSMC_GetECC), (18 bytes).
    Removing stm32f10x_fsmc.o(i.FSMC_GetFlagStatus), (40 bytes).
    Removing stm32f10x_fsmc.o(i.FSMC_GetITStatus), (52 bytes).
    Removing stm32f10x_fsmc.o(i.FSMC_ITConfig), (86 bytes).
    Removing stm32f10x_fsmc.o(i.FSMC_NANDCmd), (64 bytes).
    Removing stm32f10x_fsmc.o(i.FSMC_NANDDeInit), (40 bytes).
    Removing stm32f10x_fsmc.o(i.FSMC_NANDECCCmd), (64 bytes).
    Removing stm32f10x_fsmc.o(i.FSMC_NANDInit), (104 bytes).
    Removing stm32f10x_fsmc.o(i.FSMC_NANDStructInit), (54 bytes).
    Removing stm32f10x_fsmc.o(i.FSMC_NORSRAMCmd), (36 bytes).
    Removing stm32f10x_fsmc.o(i.FSMC_NORSRAMDeInit), (48 bytes).
    Removing stm32f10x_fsmc.o(i.FSMC_NORSRAMInit), (202 bytes).
    Removing stm32f10x_fsmc.o(i.FSMC_NORSRAMStructInit), (98 bytes).
    Removing stm32f10x_fsmc.o(i.FSMC_PCCARDCmd), (36 bytes).
    Removing stm32f10x_fsmc.o(i.FSMC_PCCARDDeInit), (28 bytes).
    Removing stm32f10x_fsmc.o(i.FSMC_PCCARDInit), (104 bytes).
    Removing stm32f10x_fsmc.o(i.FSMC_PCCARDStructInit), (60 bytes).
    Removing stm32f10x_gpio.o(i.GPIO_AFIODeInit), (22 bytes).
    Removing stm32f10x_gpio.o(i.GPIO_DeInit), (216 bytes).
    Removing stm32f10x_gpio.o(i.GPIO_ETH_MediaInterfaceConfig), (12 bytes).
    Removing stm32f10x_gpio.o(i.GPIO_EXTILineConfig), (40 bytes).
    Removing stm32f10x_gpio.o(i.GPIO_EventOutputCmd), (12 bytes).
    Removing stm32f10x_gpio.o(i.GPIO_EventOutputConfig), (28 bytes).
    Removing stm32f10x_gpio.o(i.GPIO_PinLockConfig), (16 bytes).
    Removing stm32f10x_gpio.o(i.GPIO_PinRemapConfig), (92 bytes).
    Removing stm32f10x_gpio.o(i.GPIO_ReadOutputData), (6 bytes).
    Removing stm32f10x_gpio.o(i.GPIO_ReadOutputDataBit), (14 bytes).
    Removing stm32f10x_gpio.o(i.GPIO_StructInit), (16 bytes).
    Removing stm32f10x_gpio.o(i.GPIO_Write), (4 bytes).
    Removing stm32f10x_i2c.o(i.I2C_ARPCmd), (24 bytes).
    Removing stm32f10x_i2c.o(i.I2C_AcknowledgeConfig), (24 bytes).
    Removing stm32f10x_i2c.o(i.I2C_CalculatePEC), (24 bytes).
    Removing stm32f10x_i2c.o(i.I2C_CheckEvent), (24 bytes).
    Removing stm32f10x_i2c.o(i.I2C_ClearFlag), (6 bytes).
    Removing stm32f10x_i2c.o(i.I2C_ClearITPendingBit), (6 bytes).
    Removing stm32f10x_i2c.o(i.I2C_Cmd), (24 bytes).
    Removing stm32f10x_i2c.o(i.I2C_DMACmd), (24 bytes).
    Removing stm32f10x_i2c.o(i.I2C_DMALastTransferCmd), (24 bytes).
    Removing stm32f10x_i2c.o(i.I2C_DeInit), (56 bytes).
    Removing stm32f10x_i2c.o(i.I2C_DualAddressCmd), (24 bytes).
    Removing stm32f10x_i2c.o(i.I2C_FastModeDutyCycleConfig), (26 bytes).
    Removing stm32f10x_i2c.o(i.I2C_GeneralCallCmd), (24 bytes).
    Removing stm32f10x_i2c.o(i.I2C_GenerateSTART), (24 bytes).
    Removing stm32f10x_i2c.o(i.I2C_GenerateSTOP), (24 bytes).
    Removing stm32f10x_i2c.o(i.I2C_GetFlagStatus), (50 bytes).
    Removing stm32f10x_i2c.o(i.I2C_GetITStatus), (34 bytes).
    Removing stm32f10x_i2c.o(i.I2C_GetLastEvent), (14 bytes).
    Removing stm32f10x_i2c.o(i.I2C_GetPEC), (6 bytes).
    Removing stm32f10x_i2c.o(i.I2C_ITConfig), (20 bytes).
    Removing stm32f10x_i2c.o(i.I2C_Init), (192 bytes).
    Removing stm32f10x_i2c.o(i.I2C_NACKPositionConfig), (26 bytes).
    Removing stm32f10x_i2c.o(i.I2C_OwnAddress2Config), (16 bytes).
    Removing stm32f10x_i2c.o(i.I2C_PECPositionConfig), (26 bytes).
    Removing stm32f10x_i2c.o(i.I2C_ReadRegister), (16 bytes).
    Removing stm32f10x_i2c.o(i.I2C_ReceiveData), (6 bytes).
    Removing stm32f10x_i2c.o(i.I2C_SMBusAlertConfig), (26 bytes).
    Removing stm32f10x_i2c.o(i.I2C_Send7bitAddress), (18 bytes).
    Removing stm32f10x_i2c.o(i.I2C_SendData), (4 bytes).
    Removing stm32f10x_i2c.o(i.I2C_SoftwareResetCmd), (24 bytes).
    Removing stm32f10x_i2c.o(i.I2C_StretchClockCmd), (24 bytes).
    Removing stm32f10x_i2c.o(i.I2C_StructInit), (28 bytes).
    Removing stm32f10x_i2c.o(i.I2C_TransmitPEC), (24 bytes).
    Removing stm32f10x_iwdg.o(i.IWDG_Enable), (16 bytes).
    Removing stm32f10x_iwdg.o(i.IWDG_GetFlagStatus), (20 bytes).
    Removing stm32f10x_iwdg.o(i.IWDG_ReloadCounter), (16 bytes).
    Removing stm32f10x_iwdg.o(i.IWDG_SetPrescaler), (12 bytes).
    Removing stm32f10x_iwdg.o(i.IWDG_SetReload), (12 bytes).
    Removing stm32f10x_iwdg.o(i.IWDG_WriteAccessCmd), (12 bytes).
    Removing stm32f10x_pwr.o(i.PWR_BackupAccessCmd), (12 bytes).
    Removing stm32f10x_pwr.o(i.PWR_ClearFlag), (16 bytes).
    Removing stm32f10x_pwr.o(i.PWR_DeInit), (24 bytes).
    Removing stm32f10x_pwr.o(i.PWR_EnterSTANDBYMode), (40 bytes).
    Removing stm32f10x_pwr.o(i.PWR_EnterSTOPMode), (52 bytes).
    Removing stm32f10x_pwr.o(i.PWR_GetFlagStatus), (20 bytes).
    Removing stm32f10x_pwr.o(i.PWR_PVDCmd), (12 bytes).
    Removing stm32f10x_pwr.o(i.PWR_PVDLevelConfig), (20 bytes).
    Removing stm32f10x_pwr.o(i.PWR_WakeUpPinCmd), (12 bytes).
    Removing stm32f10x_rcc.o(i.RCC_ADCCLKConfig), (20 bytes).
    Removing stm32f10x_rcc.o(i.RCC_AHBPeriphClockCmd), (28 bytes).
    Removing stm32f10x_rcc.o(i.RCC_APB1PeriphResetCmd), (28 bytes).
    Removing stm32f10x_rcc.o(i.RCC_APB2PeriphResetCmd), (28 bytes).
    Removing stm32f10x_rcc.o(i.RCC_AdjustHSICalibrationValue), (20 bytes).
    Removing stm32f10x_rcc.o(i.RCC_BackupResetCmd), (12 bytes).
    Removing stm32f10x_rcc.o(i.RCC_ClearFlag), (16 bytes).
    Removing stm32f10x_rcc.o(i.RCC_ClearITPendingBit), (12 bytes).
    Removing stm32f10x_rcc.o(i.RCC_ClockSecuritySystemCmd), (12 bytes).
    Removing stm32f10x_rcc.o(i.RCC_DeInit), (64 bytes).
    Removing stm32f10x_rcc.o(i.RCC_GetFlagStatus), (48 bytes).
    Removing stm32f10x_rcc.o(i.RCC_GetITStatus), (20 bytes).
    Removing stm32f10x_rcc.o(i.RCC_GetSYSCLKSource), (16 bytes).
    Removing stm32f10x_rcc.o(i.RCC_HCLKConfig), (20 bytes).
    Removing stm32f10x_rcc.o(i.RCC_HSEConfig), (56 bytes).
    Removing stm32f10x_rcc.o(i.RCC_HSICmd), (12 bytes).
    Removing stm32f10x_rcc.o(i.RCC_ITConfig), (28 bytes).
    Removing stm32f10x_rcc.o(i.RCC_LSEConfig), (40 bytes).
    Removing stm32f10x_rcc.o(i.RCC_LSICmd), (12 bytes).
    Removing stm32f10x_rcc.o(i.RCC_MCOConfig), (12 bytes).
    Removing stm32f10x_rcc.o(i.RCC_PCLK1Config), (20 bytes).
    Removing stm32f10x_rcc.o(i.RCC_PCLK2Config), (20 bytes).
    Removing stm32f10x_rcc.o(i.RCC_PLLCmd), (12 bytes).
    Removing stm32f10x_rcc.o(i.RCC_PLLConfig), (20 bytes).
    Removing stm32f10x_rcc.o(i.RCC_RTCCLKCmd), (12 bytes).
    Removing stm32f10x_rcc.o(i.RCC_RTCCLKConfig), (16 bytes).
    Removing stm32f10x_rcc.o(i.RCC_SYSCLKConfig), (20 bytes).
    Removing stm32f10x_rcc.o(i.RCC_USBCLKConfig), (12 bytes).
    Removing stm32f10x_rcc.o(i.RCC_WaitForHSEStartUp), (48 bytes).
    Removing stm32f10x_rtc.o(i.RTC_ClearFlag), (16 bytes).
    Removing stm32f10x_rtc.o(i.RTC_ClearITPendingBit), (16 bytes).
    Removing stm32f10x_rtc.o(i.RTC_EnterConfigMode), (16 bytes).
    Removing stm32f10x_rtc.o(i.RTC_ExitConfigMode), (16 bytes).
    Removing stm32f10x_rtc.o(i.RTC_GetCounter), (20 bytes).
    Removing stm32f10x_rtc.o(i.RTC_GetDivider), (24 bytes).
    Removing stm32f10x_rtc.o(i.RTC_GetFlagStatus), (20 bytes).
    Removing stm32f10x_rtc.o(i.RTC_GetITStatus), (32 bytes).
    Removing stm32f10x_rtc.o(i.RTC_ITConfig), (28 bytes).
    Removing stm32f10x_rtc.o(i.RTC_SetAlarm), (32 bytes).
    Removing stm32f10x_rtc.o(i.RTC_SetCounter), (32 bytes).
    Removing stm32f10x_rtc.o(i.RTC_SetPrescaler), (32 bytes).
    Removing stm32f10x_rtc.o(i.RTC_WaitForLastTask), (16 bytes).
    Removing stm32f10x_rtc.o(i.RTC_WaitForSynchro), (24 bytes).
    Removing stm32f10x_sdio.o(i.SDIO_CEATAITCmd), (16 bytes).
    Removing stm32f10x_sdio.o(i.SDIO_ClearFlag), (12 bytes).
    Removing stm32f10x_sdio.o(i.SDIO_ClearITPendingBit), (12 bytes).
    Removing stm32f10x_sdio.o(i.SDIO_ClockCmd), (12 bytes).
    Removing stm32f10x_sdio.o(i.SDIO_CmdStructInit), (14 bytes).
    Removing stm32f10x_sdio.o(i.SDIO_CommandCompletionCmd), (12 bytes).
    Removing stm32f10x_sdio.o(i.SDIO_DMACmd), (12 bytes).
    Removing stm32f10x_sdio.o(i.SDIO_DataConfig), (44 bytes).
    Removing stm32f10x_sdio.o(i.SDIO_DataStructInit), (20 bytes).
    Removing stm32f10x_sdio.o(i.SDIO_DeInit), (36 bytes).
    Removing stm32f10x_sdio.o(i.SDIO_GetCommandResponse), (12 bytes).
    Removing stm32f10x_sdio.o(i.SDIO_GetDataCounter), (12 bytes).
    Removing stm32f10x_sdio.o(i.SDIO_GetFIFOCount), (12 bytes).
    Removing stm32f10x_sdio.o(i.SDIO_GetFlagStatus), (20 bytes).
    Removing stm32f10x_sdio.o(i.SDIO_GetITStatus), (20 bytes).
    Removing stm32f10x_sdio.o(i.SDIO_GetPowerState), (16 bytes).
    Removing stm32f10x_sdio.o(i.SDIO_GetResponse), (20 bytes).
    Removing stm32f10x_sdio.o(i.SDIO_ITConfig), (28 bytes).
    Removing stm32f10x_sdio.o(i.SDIO_Init), (44 bytes).
    Removing stm32f10x_sdio.o(i.SDIO_ReadData), (12 bytes).
    Removing stm32f10x_sdio.o(i.SDIO_SendCEATACmd), (12 bytes).
    Removing stm32f10x_sdio.o(i.SDIO_SendCommand), (40 bytes).
    Removing stm32f10x_sdio.o(i.SDIO_SendSDIOSuspendCmd), (12 bytes).
    Removing stm32f10x_sdio.o(i.SDIO_SetPowerState), (24 bytes).
    Removing stm32f10x_sdio.o(i.SDIO_SetSDIOOperation), (12 bytes).
    Removing stm32f10x_sdio.o(i.SDIO_SetSDIOReadWaitMode), (12 bytes).
    Removing stm32f10x_sdio.o(i.SDIO_StartSDIOReadWait), (12 bytes).
    Removing stm32f10x_sdio.o(i.SDIO_StopSDIOReadWait), (12 bytes).
    Removing stm32f10x_sdio.o(i.SDIO_StructInit), (16 bytes).
    Removing stm32f10x_sdio.o(i.SDIO_WriteData), (12 bytes).
    Removing stm32f10x_spi.o(i.I2S_Cmd), (24 bytes).
    Removing stm32f10x_spi.o(i.I2S_Init), (168 bytes).
    Removing stm32f10x_spi.o(i.I2S_StructInit), (18 bytes).
    Removing stm32f10x_spi.o(i.SPI_BiDirectionalLineConfig), (26 bytes).
    Removing stm32f10x_spi.o(i.SPI_CalculateCRC), (24 bytes).
    Removing stm32f10x_spi.o(i.SPI_Cmd), (24 bytes).
    Removing stm32f10x_spi.o(i.SPI_DataSizeConfig), (16 bytes).
    Removing stm32f10x_spi.o(i.SPI_GetCRC), (12 bytes).
    Removing stm32f10x_spi.o(i.SPI_GetCRCPolynomial), (4 bytes).
    Removing stm32f10x_spi.o(i.SPI_I2S_ClearFlag), (6 bytes).
    Removing stm32f10x_spi.o(i.SPI_I2S_ClearITPendingBit), (14 bytes).
    Removing stm32f10x_spi.o(i.SPI_I2S_DMACmd), (20 bytes).
    Removing stm32f10x_spi.o(i.SPI_I2S_DeInit), (100 bytes).
    Removing stm32f10x_spi.o(i.SPI_I2S_GetFlagStatus), (14 bytes).
    Removing stm32f10x_spi.o(i.SPI_I2S_GetITStatus), (44 bytes).
    Removing stm32f10x_spi.o(i.SPI_I2S_ITConfig), (28 bytes).
    Removing stm32f10x_spi.o(i.SPI_I2S_ReceiveData), (4 bytes).
    Removing stm32f10x_spi.o(i.SPI_I2S_SendData), (4 bytes).
    Removing stm32f10x_spi.o(i.SPI_Init), (56 bytes).
    Removing stm32f10x_spi.o(i.SPI_NSSInternalSoftwareConfig), (28 bytes).
    Removing stm32f10x_spi.o(i.SPI_SSOutputCmd), (24 bytes).
    Removing stm32f10x_spi.o(i.SPI_StructInit), (24 bytes).
    Removing stm32f10x_spi.o(i.SPI_TransmitCRC), (10 bytes).
    Removing stm32f10x_tim.o(i.TI1_Config), (116 bytes).
    Removing stm32f10x_tim.o(i.TI2_Config), (124 bytes).
    Removing stm32f10x_tim.o(i.TI3_Config), (120 bytes).
    Removing stm32f10x_tim.o(i.TI4_Config), (124 bytes).
    Removing stm32f10x_tim.o(i.TIM_ARRPreloadConfig), (24 bytes).
    Removing stm32f10x_tim.o(i.TIM_BDTRConfig), (34 bytes).
    Removing stm32f10x_tim.o(i.TIM_BDTRStructInit), (18 bytes).
    Removing stm32f10x_tim.o(i.TIM_CCPreloadControl), (24 bytes).
    Removing stm32f10x_tim.o(i.TIM_CCxCmd), (22 bytes).
    Removing stm32f10x_tim.o(i.TIM_CCxNCmd), (22 bytes).
    Removing stm32f10x_tim.o(i.TIM_ClearFlag), (6 bytes).
    Removing stm32f10x_tim.o(i.TIM_ClearOC1Ref), (12 bytes).
    Removing stm32f10x_tim.o(i.TIM_ClearOC2Ref), (20 bytes).
    Removing stm32f10x_tim.o(i.TIM_ClearOC3Ref), (12 bytes).
    Removing stm32f10x_tim.o(i.TIM_ClearOC4Ref), (20 bytes).
    Removing stm32f10x_tim.o(i.TIM_CounterModeConfig), (12 bytes).
    Removing stm32f10x_tim.o(i.TIM_CtrlPWMOutputs), (28 bytes).
    Removing stm32f10x_tim.o(i.TIM_DMACmd), (20 bytes).
    Removing stm32f10x_tim.o(i.TIM_DMAConfig), (8 bytes).
    Removing stm32f10x_tim.o(i.TIM_DeInit), (528 bytes).
    Removing stm32f10x_tim.o(i.TIM_ETRClockMode1Config), (32 bytes).
    Removing stm32f10x_tim.o(i.TIM_ETRClockMode2Config), (20 bytes).
    Removing stm32f10x_tim.o(i.TIM_ETRConfig), (24 bytes).
    Removing stm32f10x_tim.o(i.TIM_EncoderInterfaceConfig), (50 bytes).
    Removing stm32f10x_tim.o(i.TIM_ForcedOC1Config), (12 bytes).
    Removing stm32f10x_tim.o(i.TIM_ForcedOC2Config), (20 bytes).
    Removing stm32f10x_tim.o(i.TIM_ForcedOC3Config), (12 bytes).
    Removing stm32f10x_tim.o(i.TIM_ForcedOC4Config), (20 bytes).
    Removing stm32f10x_tim.o(i.TIM_GenerateEvent), (4 bytes).
    Removing stm32f10x_tim.o(i.TIM_GetCapture1), (4 bytes).
    Removing stm32f10x_tim.o(i.TIM_GetCapture2), (4 bytes).
    Removing stm32f10x_tim.o(i.TIM_GetCapture3), (4 bytes).
    Removing stm32f10x_tim.o(i.TIM_GetCapture4), (6 bytes).
    Removing stm32f10x_tim.o(i.TIM_GetFlagStatus), (14 bytes).
    Removing stm32f10x_tim.o(i.TIM_GetPrescaler), (4 bytes).
    Removing stm32f10x_tim.o(i.TIM_ICInit), (140 bytes).
    Removing stm32f10x_tim.o(i.TIM_ICStructInit), (16 bytes).
    Removing stm32f10x_tim.o(i.TIM_ITRxExternalClockConfig), (20 bytes).
    Removing stm32f10x_tim.o(i.TIM_InternalClockConfig), (10 bytes).
    Removing stm32f10x_tim.o(i.TIM_OC1FastConfig), (12 bytes).
    Removing stm32f10x_tim.o(i.TIM_OC1Init), (136 bytes).
    Removing stm32f10x_tim.o(i.TIM_OC1NPolarityConfig), (12 bytes).
    Removing stm32f10x_tim.o(i.TIM_OC1PolarityConfig), (12 bytes).
    Removing stm32f10x_tim.o(i.TIM_OC1PreloadConfig), (12 bytes).
    Removing stm32f10x_tim.o(i.TIM_OC2FastConfig), (20 bytes).
    Removing stm32f10x_tim.o(i.TIM_OC2Init), (136 bytes).
    Removing stm32f10x_tim.o(i.TIM_OC2NPolarityConfig), (20 bytes).
    Removing stm32f10x_tim.o(i.TIM_OC2PolarityConfig), (20 bytes).
    Removing stm32f10x_tim.o(i.TIM_OC2PreloadConfig), (20 bytes).
    Removing stm32f10x_tim.o(i.TIM_OC3FastConfig), (12 bytes).
    Removing stm32f10x_tim.o(i.TIM_OC3Init), (132 bytes).
    Removing stm32f10x_tim.o(i.TIM_OC3NPolarityConfig), (20 bytes).
    Removing stm32f10x_tim.o(i.TIM_OC3PolarityConfig), (20 bytes).
    Removing stm32f10x_tim.o(i.TIM_OC3PreloadConfig), (12 bytes).
    Removing stm32f10x_tim.o(i.TIM_OC4FastConfig), (20 bytes).
    Removing stm32f10x_tim.o(i.TIM_OC4Init), (104 bytes).
    Removing stm32f10x_tim.o(i.TIM_OC4PolarityConfig), (20 bytes).
    Removing stm32f10x_tim.o(i.TIM_OC4PreloadConfig), (20 bytes).
    Removing stm32f10x_tim.o(i.TIM_OCStructInit), (20 bytes).
    Removing stm32f10x_tim.o(i.TIM_PWMIConfig), (110 bytes).
    Removing stm32f10x_tim.o(i.TIM_PrescalerConfig), (6 bytes).
    Removing stm32f10x_tim.o(i.TIM_SelectCCDMA), (24 bytes).
    Removing stm32f10x_tim.o(i.TIM_SelectCOM), (24 bytes).
    Removing stm32f10x_tim.o(i.TIM_SelectHallSensor), (24 bytes).
    Removing stm32f10x_tim.o(i.TIM_SelectInputTrigger), (12 bytes).
    Removing stm32f10x_tim.o(i.TIM_SelectMasterSlaveMode), (16 bytes).
    Removing stm32f10x_tim.o(i.TIM_SelectOCxM), (76 bytes).
    Removing stm32f10x_tim.o(i.TIM_SelectOnePulseMode), (16 bytes).
    Removing stm32f10x_tim.o(i.TIM_SelectOutputTrigger), (16 bytes).
    Removing stm32f10x_tim.o(i.TIM_SelectSlaveMode), (16 bytes).
    Removing stm32f10x_tim.o(i.TIM_SetAutoreload), (4 bytes).
    Removing stm32f10x_tim.o(i.TIM_SetClockDivision), (16 bytes).
    Removing stm32f10x_tim.o(i.TIM_SetCompare1), (4 bytes).
    Removing stm32f10x_tim.o(i.TIM_SetCompare2), (4 bytes).
    Removing stm32f10x_tim.o(i.TIM_SetCompare3), (4 bytes).
    Removing stm32f10x_tim.o(i.TIM_SetCompare4), (6 bytes).
    Removing stm32f10x_tim.o(i.TIM_SetIC1Prescaler), (16 bytes).
    Removing stm32f10x_tim.o(i.TIM_SetIC2Prescaler), (24 bytes).
    Removing stm32f10x_tim.o(i.TIM_SetIC3Prescaler), (16 bytes).
    Removing stm32f10x_tim.o(i.TIM_SetIC4Prescaler), (24 bytes).
    Removing stm32f10x_tim.o(i.TIM_TIxExternalClockConfig), (48 bytes).
    Removing stm32f10x_tim.o(i.TIM_TimeBaseStructInit), (18 bytes).
    Removing stm32f10x_tim.o(i.TIM_UpdateDisableConfig), (24 bytes).
    Removing stm32f10x_tim.o(i.TIM_UpdateRequestConfig), (24 bytes).
    Removing stm32f10x_usart.o(i.USART_ClearFlag), (8 bytes).
    Removing stm32f10x_usart.o(i.USART_ClockInit), (30 bytes).
    Removing stm32f10x_usart.o(i.USART_ClockStructInit), (12 bytes).
    Removing stm32f10x_usart.o(i.USART_DMACmd), (20 bytes).
    Removing stm32f10x_usart.o(i.USART_DeInit), (164 bytes).
    Removing stm32f10x_usart.o(i.USART_HalfDuplexCmd), (24 bytes).
    Removing stm32f10x_usart.o(i.USART_IrDACmd), (24 bytes).
    Removing stm32f10x_usart.o(i.USART_IrDAConfig), (16 bytes).
    Removing stm32f10x_usart.o(i.USART_LINBreakDetectLengthConfig), (16 bytes).
    Removing stm32f10x_usart.o(i.USART_LINCmd), (24 bytes).
    Removing stm32f10x_usart.o(i.USART_OneBitMethodCmd), (24 bytes).
    Removing stm32f10x_usart.o(i.USART_OverSampling8Cmd), (24 bytes).
    Removing stm32f10x_usart.o(i.USART_ReceiverWakeUpCmd), (24 bytes).
    Removing stm32f10x_usart.o(i.USART_SendBreak), (10 bytes).
    Removing stm32f10x_usart.o(i.USART_SetAddress), (16 bytes).
    Removing stm32f10x_usart.o(i.USART_SetGuardTime), (16 bytes).
    Removing stm32f10x_usart.o(i.USART_SetPrescaler), (16 bytes).
    Removing stm32f10x_usart.o(i.USART_SmartCardCmd), (24 bytes).
    Removing stm32f10x_usart.o(i.USART_SmartCardNACKCmd), (24 bytes).
    Removing stm32f10x_usart.o(i.USART_StructInit), (22 bytes).
    Removing stm32f10x_usart.o(i.USART_WakeUpConfig), (16 bytes).
    Removing stm32f10x_wwdg.o(i.WWDG_ClearFlag), (12 bytes).
    Removing stm32f10x_wwdg.o(i.WWDG_DeInit), (24 bytes).
    Removing stm32f10x_wwdg.o(i.WWDG_Enable), (16 bytes).
    Removing stm32f10x_wwdg.o(i.WWDG_EnableIT), (12 bytes).
    Removing stm32f10x_wwdg.o(i.WWDG_GetFlagStatus), (12 bytes).
    Removing stm32f10x_wwdg.o(i.WWDG_SetCounter), (16 bytes).
    Removing stm32f10x_wwdg.o(i.WWDG_SetPrescaler), (20 bytes).
    Removing stm32f10x_wwdg.o(i.WWDG_SetWindowValue), (32 bytes).
    Removing main.o(.data), (13 bytes).
    Removing main.o(.data), (13 bytes).
    Removing main.o(.data), (13 bytes).
    Removing main.o(.data), (13 bytes).
    Removing main.o(.data), (10 bytes).
    Removing main.o(.data), (11 bytes).
    Removing main.o(.data), (11 bytes).
    Removing bsp_beep.o(i.BEEP_Toggle), (36 bytes).
    Removing bsp_oled.o(i.OLED_ShowBinNum), (58 bytes).
    Removing bsp_oled.o(i.OLED_ShowHexNum), (80 bytes).
    Removing bsp_oled.o(i.OLED_ShowSignedNum), (98 bytes).
    Removing bsp_key.o(i.KEY_GetChar), (94 bytes).
    Removing bsp_as608.o(i.AS608_DeletChar), (94 bytes).
    Removing bsp_as608.o(i.AS608_EnsureMessage), (640 bytes).
    Removing bsp_as608.o(i.AS608_HandShake), (108 bytes).
    Removing bsp_as608.o(i.AS608_Match), (52 bytes).
    Removing bsp_as608.o(i.AS608_ReadNotepad), (82 bytes).
    Removing bsp_as608.o(i.AS608_Search), (132 bytes).
    Removing bsp_as608.o(i.AS608_SetAddr), (108 bytes).
    Removing bsp_as608.o(i.AS608_WriteNotepad), (94 bytes).
    Removing bsp_as608.o(i.AS608_WriteReg), (70 bytes).
    Removing bsp_esp8266.o(i.ESP8266_Check), (20 bytes).
    Removing bsp_esp8266.o(i.ESP8266_CreateTCP), (100 bytes).
    Removing bsp_esp8266.o(i.ESP8266_JoinAP), (80 bytes).
    Removing bsp_esp8266.o(i.ESP8266_SendByte), (36 bytes).
    Removing bsp_esp8266.o(i.ESP8266_SendCmd), (68 bytes).
    Removing bsp_esp8266.o(i.ESP8266_SendData), (96 bytes).
    Removing bsp_esp8266.o(i.ESP8266_SendString), (20 bytes).
    Removing bsp_esp8266.o(i.ESP8266_SetMode), (100 bytes).
    Removing bsp_esp8266.o(i.ESP8266_WaitForResponse), (56 bytes).
    Removing dadd.o(.text), (334 bytes).
    Removing dmul.o(.text), (228 bytes).
    Removing dfixul.o(.text), (48 bytes).
    Removing cdrcmple.o(.text), (48 bytes).

485 unused section(s) (total 18786 bytes) removed from the image.

==============================================================================

Image Symbol Table

    Local Symbols

    Symbol Name                              Value     Ov Type        Size  Object(Section)

    ../clib/microlib/division.c              0x00000000   Number         0  uidiv.o ABSOLUTE
    ../clib/microlib/division.c              0x00000000   Number         0  uldiv.o ABSOLUTE
    ../clib/microlib/init/entry.s            0x00000000   Number         0  entry7b.o ABSOLUTE
    ../clib/microlib/init/entry.s            0x00000000   Number         0  entry9b.o ABSOLUTE
    ../clib/microlib/init/entry.s            0x00000000   Number         0  entry7a.o ABSOLUTE
    ../clib/microlib/init/entry.s            0x00000000   Number         0  entry5.o ABSOLUTE
    ../clib/microlib/init/entry.s            0x00000000   Number         0  entry.o ABSOLUTE
    ../clib/microlib/init/entry.s            0x00000000   Number         0  entry10a.o ABSOLUTE
    ../clib/microlib/init/entry.s            0x00000000   Number         0  entry9a.o ABSOLUTE
    ../clib/microlib/init/entry.s            0x00000000   Number         0  entry10b.o ABSOLUTE
    ../clib/microlib/init/entry.s            0x00000000   Number         0  entry8b.o ABSOLUTE
    ../clib/microlib/init/entry.s            0x00000000   Number         0  entry11a.o ABSOLUTE
    ../clib/microlib/init/entry.s            0x00000000   Number         0  entry2.o ABSOLUTE
    ../clib/microlib/init/entry.s            0x00000000   Number         0  entry11b.o ABSOLUTE
    ../clib/microlib/init/entry.s            0x00000000   Number         0  entry8a.o ABSOLUTE
    ../clib/microlib/longlong.c              0x00000000   Number         0  llshl.o ABSOLUTE
    ../clib/microlib/longlong.c              0x00000000   Number         0  llsshr.o ABSOLUTE
    ../clib/microlib/longlong.c              0x00000000   Number         0  llushr.o ABSOLUTE
    ../clib/microlib/printf/printf.c         0x00000000   Number         0  printf7.o ABSOLUTE
    ../clib/microlib/printf/printf.c         0x00000000   Number         0  printf8.o ABSOLUTE
    ../clib/microlib/printf/printf.c         0x00000000   Number         0  printfa.o ABSOLUTE
    ../clib/microlib/printf/printf.c         0x00000000   Number         0  printf6.o ABSOLUTE
    ../clib/microlib/printf/printf.c         0x00000000   Number         0  printf5.o ABSOLUTE
    ../clib/microlib/printf/printf.c         0x00000000   Number         0  printf4.o ABSOLUTE
    ../clib/microlib/printf/printf.c         0x00000000   Number         0  printf3.o ABSOLUTE
    ../clib/microlib/printf/printf.c         0x00000000   Number         0  printf2.o ABSOLUTE
    ../clib/microlib/printf/printf.c         0x00000000   Number         0  printf1.o ABSOLUTE
    ../clib/microlib/printf/printf.c         0x00000000   Number         0  printfb.o ABSOLUTE
    ../clib/microlib/printf/printf.c         0x00000000   Number         0  printf0.o ABSOLUTE
    ../clib/microlib/printf/stubs.s          0x00000000   Number         0  stubs.o ABSOLUTE
    ../clib/microlib/stdio/fputc.c           0x00000000   Number         0  fputc.o ABSOLUTE
    ../clib/microlib/stdio/semi.s            0x00000000   Number         0  semi.o ABSOLUTE
    ../clib/microlib/stdio/streams.c         0x00000000   Number         0  stdout.o ABSOLUTE
    ../clib/microlib/string/memset.c         0x00000000   Number         0  memseta.o ABSOLUTE
    ../clib/microlib/string/strstr.c         0x00000000   Number         0  strstr.o ABSOLUTE
    ../clib/microlib/stubs.s                 0x00000000   Number         0  iusesemip.o ABSOLUTE
    ../clib/microlib/stubs.s                 0x00000000   Number         0  iusefp.o ABSOLUTE
    ../fplib/microlib/f2d.c                  0x00000000   Number         0  f2d.o ABSOLUTE
    ../fplib/microlib/fpadd.c                0x00000000   Number         0  dadd.o ABSOLUTE
    ../fplib/microlib/fpdiv.c                0x00000000   Number         0  ddiv.o ABSOLUTE
    ../fplib/microlib/fpepilogue.c           0x00000000   Number         0  depilogue.o ABSOLUTE
    ../fplib/microlib/fpepilogue.c           0x00000000   Number         0  fepilogue.o ABSOLUTE
    ../fplib/microlib/fpfix.c                0x00000000   Number         0  ffixui.o ABSOLUTE
    ../fplib/microlib/fpfix.c                0x00000000   Number         0  dfixi.o ABSOLUTE
    ../fplib/microlib/fpfix.c                0x00000000   Number         0  dfixul.o ABSOLUTE
    ../fplib/microlib/fpflt.c                0x00000000   Number         0  fflti.o ABSOLUTE
    ../fplib/microlib/fpmul.c                0x00000000   Number         0  dmul.o ABSOLUTE
    BSP\bsp_as608.c                          0x00000000   Number         0  bsp_as608.o ABSOLUTE
    BSP\bsp_beep.c                           0x00000000   Number         0  bsp_beep.o ABSOLUTE
    BSP\bsp_delay.c                          0x00000000   Number         0  bsp_delay.o ABSOLUTE
    BSP\bsp_esp8266.c                        0x00000000   Number         0  bsp_esp8266.o ABSOLUTE
    BSP\bsp_hx711.c                          0x00000000   Number         0  bsp_hx711.o ABSOLUTE
    BSP\bsp_key.c                            0x00000000   Number         0  bsp_key.o ABSOLUTE
    BSP\bsp_oled.c                           0x00000000   Number         0  bsp_oled.o ABSOLUTE
    BSP\bsp_syn6288.c                        0x00000000   Number         0  bsp_syn6288.o ABSOLUTE
    BSP\oled_font.c                          0x00000000   Number         0  oled_font.o ABSOLUTE
    Library\misc.c                           0x00000000   Number         0  misc.o ABSOLUTE
    Library\stm32f10x_adc.c                  0x00000000   Number         0  stm32f10x_adc.o ABSOLUTE
    Library\stm32f10x_bkp.c                  0x00000000   Number         0  stm32f10x_bkp.o ABSOLUTE
    Library\stm32f10x_can.c                  0x00000000   Number         0  stm32f10x_can.o ABSOLUTE
    Library\stm32f10x_cec.c                  0x00000000   Number         0  stm32f10x_cec.o ABSOLUTE
    Library\stm32f10x_crc.c                  0x00000000   Number         0  stm32f10x_crc.o ABSOLUTE
    Library\stm32f10x_dac.c                  0x00000000   Number         0  stm32f10x_dac.o ABSOLUTE
    Library\stm32f10x_dbgmcu.c               0x00000000   Number         0  stm32f10x_dbgmcu.o ABSOLUTE
    Library\stm32f10x_dma.c                  0x00000000   Number         0  stm32f10x_dma.o ABSOLUTE
    Library\stm32f10x_exti.c                 0x00000000   Number         0  stm32f10x_exti.o ABSOLUTE
    Library\stm32f10x_flash.c                0x00000000   Number         0  stm32f10x_flash.o ABSOLUTE
    Library\stm32f10x_fsmc.c                 0x00000000   Number         0  stm32f10x_fsmc.o ABSOLUTE
    Library\stm32f10x_gpio.c                 0x00000000   Number         0  stm32f10x_gpio.o ABSOLUTE
    Library\stm32f10x_i2c.c                  0x00000000   Number         0  stm32f10x_i2c.o ABSOLUTE
    Library\stm32f10x_iwdg.c                 0x00000000   Number         0  stm32f10x_iwdg.o ABSOLUTE
    Library\stm32f10x_pwr.c                  0x00000000   Number         0  stm32f10x_pwr.o ABSOLUTE
    Library\stm32f10x_rcc.c                  0x00000000   Number         0  stm32f10x_rcc.o ABSOLUTE
    Library\stm32f10x_rtc.c                  0x00000000   Number         0  stm32f10x_rtc.o ABSOLUTE
    Library\stm32f10x_sdio.c                 0x00000000   Number         0  stm32f10x_sdio.o ABSOLUTE
    Library\stm32f10x_spi.c                  0x00000000   Number         0  stm32f10x_spi.o ABSOLUTE
    Library\stm32f10x_tim.c                  0x00000000   Number         0  stm32f10x_tim.o ABSOLUTE
    Library\stm32f10x_usart.c                0x00000000   Number         0  stm32f10x_usart.o ABSOLUTE
    Library\stm32f10x_wwdg.c                 0x00000000   Number         0  stm32f10x_wwdg.o ABSOLUTE
    Start\\core_cm3.c                        0x00000000   Number         0  core_cm3.o ABSOLUTE
    Start\core_cm3.c                         0x00000000   Number         0  core_cm3.o ABSOLUTE
    Start\startup_stm32f10x_md.s             0x00000000   Number         0  startup_stm32f10x_md.o ABSOLUTE
    Start\system_stm32f10x.c                 0x00000000   Number         0  system_stm32f10x.o ABSOLUTE
    User\main.c                              0x00000000   Number         0  main.o ABSOLUTE
    User\stm32f10x_it.c                      0x00000000   Number         0  stm32f10x_it.o ABSOLUTE
    cdrcmple.s                               0x00000000   Number         0  cdrcmple.o ABSOLUTE
    dc.s                                     0x00000000   Number         0  dc.o ABSOLUTE
    handlers.s                               0x00000000   Number         0  handlers.o ABSOLUTE
    init.s                                   0x00000000   Number         0  init.o ABSOLUTE
    RESET                                    0x08000000   Section      236  startup_stm32f10x_md.o(RESET)
    .ARM.Collect$$$$00000000                 0x080000ec   Section        0  entry.o(.ARM.Collect$$$$00000000)
    .ARM.Collect$$$$00000001                 0x080000ec   Section        4  entry2.o(.ARM.Collect$$$$00000001)
    .ARM.Collect$$$$00000004                 0x080000f0   Section        4  entry5.o(.ARM.Collect$$$$00000004)
    .ARM.Collect$$$$00000008                 0x080000f4   Section        0  entry7b.o(.ARM.Collect$$$$00000008)
    .ARM.Collect$$$$0000000A                 0x080000f4   Section        0  entry8b.o(.ARM.Collect$$$$0000000A)
    .ARM.Collect$$$$0000000B                 0x080000f4   Section        8  entry9a.o(.ARM.Collect$$$$0000000B)
    .ARM.Collect$$$$0000000D                 0x080000fc   Section        0  entry10a.o(.ARM.Collect$$$$0000000D)
    .ARM.Collect$$$$0000000F                 0x080000fc   Section        0  entry11a.o(.ARM.Collect$$$$0000000F)
    .ARM.Collect$$$$00002712                 0x080000fc   Section        4  entry2.o(.ARM.Collect$$$$00002712)
    __lit__00000000                          0x080000fc   Data           4  entry2.o(.ARM.Collect$$$$00002712)
    .text                                    0x08000100   Section       36  startup_stm32f10x_md.o(.text)
    .text                                    0x08000124   Section        0  strstr.o(.text)
    .text                                    0x08000148   Section        0  ddiv.o(.text)
    .text                                    0x08000226   Section        0  fflti.o(.text)
    .text                                    0x08000238   Section        0  ffixui.o(.text)
    .text                                    0x08000260   Section        0  dfixi.o(.text)
    .text                                    0x0800029e   Section        0  f2d.o(.text)
    .text                                    0x080002c4   Section        0  llushr.o(.text)
    .text                                    0x080002e4   Section        0  iusefp.o(.text)
    .text                                    0x080002e4   Section        0  fepilogue.o(.text)
    .text                                    0x08000352   Section        0  depilogue.o(.text)
    .text                                    0x0800040c   Section       36  init.o(.text)
    .text                                    0x08000430   Section        0  llshl.o(.text)
    i.AS608_Empty                            0x0800044e   Section        0  bsp_as608.o(i.AS608_Empty)
    i.AS608_GenChar                          0x08000482   Section        0  bsp_as608.o(i.AS608_GenChar)
    i.AS608_GetImage                         0x080004be   Section        0  bsp_as608.o(i.AS608_GetImage)
    i.AS608_HighSpeedSearch                  0x080004f2   Section        0  bsp_as608.o(i.AS608_HighSpeedSearch)
    i.AS608_Init                             0x08000578   Section        0  bsp_as608.o(i.AS608_Init)
    i.AS608_ReadSysPara                      0x08000674   Section        0  bsp_as608.o(i.AS608_ReadSysPara)
    i.AS608_RegModel                         0x080006d8   Section        0  bsp_as608.o(i.AS608_RegModel)
    i.AS608_RxHandler                        0x0800070c   Section        0  bsp_as608.o(i.AS608_RxHandler)
    i.AS608_RxTimeoutHandler                 0x0800076c   Section        0  bsp_as608.o(i.AS608_RxTimeoutHandler)
    i.AS608_StoreChar                        0x080007a0   Section        0  bsp_as608.o(i.AS608_StoreChar)
    i.AS608_ValidTempleteNum                 0x080007f2   Section        0  bsp_as608.o(i.AS608_ValidTempleteNum)
    i.AS608_VerifyPassword                   0x08000834   Section        0  bsp_as608.o(i.AS608_VerifyPassword)
    i.BEEP_Init                              0x08000880   Section        0  bsp_beep.o(i.BEEP_Init)
    i.BEEP_Off                               0x080008b4   Section        0  bsp_beep.o(i.BEEP_Off)
    i.BEEP_On                                0x080008c0   Section        0  bsp_beep.o(i.BEEP_On)
    i.BusFault_Handler                       0x080008cc   Section        0  stm32f10x_it.o(i.BusFault_Handler)
    i.DebugMon_Handler                       0x080008ce   Section        0  stm32f10x_it.o(i.DebugMon_Handler)
    i.Delay_Init                             0x080008d0   Section        0  bsp_delay.o(i.Delay_Init)
    i.Delay_ms                               0x08000908   Section        0  bsp_delay.o(i.Delay_ms)
    i.Delay_us                               0x08000922   Section        0  bsp_delay.o(i.Delay_us)
    i.ESP8266_Init                           0x08000940   Section        0  bsp_esp8266.o(i.ESP8266_Init)
    i.GPIO_Init                              0x080009ec   Section        0  stm32f10x_gpio.o(i.GPIO_Init)
    i.GPIO_ReadInputData                     0x08000a92   Section        0  stm32f10x_gpio.o(i.GPIO_ReadInputData)
    i.GPIO_ReadInputDataBit                  0x08000a98   Section        0  stm32f10x_gpio.o(i.GPIO_ReadInputDataBit)
    i.GPIO_ResetBits                         0x08000aa6   Section        0  stm32f10x_gpio.o(i.GPIO_ResetBits)
    i.GPIO_SetBits                           0x08000aaa   Section        0  stm32f10x_gpio.o(i.GPIO_SetBits)
    i.GPIO_WriteBit                          0x08000aae   Section        0  stm32f10x_gpio.o(i.GPIO_WriteBit)
    i.HX711_GetWeight                        0x08000abc   Section        0  bsp_hx711.o(i.HX711_GetWeight)
    i.HX711_GetZero                          0x08000b00   Section        0  bsp_hx711.o(i.HX711_GetZero)
    i.HX711_Init                             0x08000b10   Section        0  bsp_hx711.o(i.HX711_Init)
    i.HX711_Read                             0x08000b58   Section        0  bsp_hx711.o(i.HX711_Read)
    i.HardFault_Handler                      0x08000bd4   Section        0  stm32f10x_it.o(i.HardFault_Handler)
    i.JudgeStr                               0x08000bd8   Section        0  bsp_as608.o(i.JudgeStr)
    JudgeStr                                 0x08000bd9   Thumb Code    98  bsp_as608.o(i.JudgeStr)
    i.KEY_Init                               0x08000c44   Section        0  bsp_key.o(i.KEY_Init)
    i.KEY_Scan                               0x08000c94   Section        0  bsp_key.o(i.KEY_Scan)
    i.MYUSART_SendData                       0x08000e08   Section        0  bsp_as608.o(i.MYUSART_SendData)
    MYUSART_SendData                         0x08000e09   Thumb Code    16  bsp_as608.o(i.MYUSART_SendData)
    i.MemManage_Handler                      0x08000e1c   Section        0  stm32f10x_it.o(i.MemManage_Handler)
    i.NMI_Handler                            0x08000e1e   Section        0  stm32f10x_it.o(i.NMI_Handler)
    i.NVIC_Init                              0x08000e20   Section        0  misc.o(i.NVIC_Init)
    i.OLED_Clear                             0x08000e84   Section        0  bsp_oled.o(i.OLED_Clear)
    i.OLED_I2C_Init                          0x08000eac   Section        0  bsp_oled.o(i.OLED_I2C_Init)
    i.OLED_I2C_SendByte                      0x08000efc   Section        0  bsp_oled.o(i.OLED_I2C_SendByte)
    i.OLED_I2C_Start                         0x08000f70   Section        0  bsp_oled.o(i.OLED_I2C_Start)
    i.OLED_I2C_Stop                          0x08000fb4   Section        0  bsp_oled.o(i.OLED_I2C_Stop)
    i.OLED_Init                              0x08000ff0   Section        0  bsp_oled.o(i.OLED_Init)
    i.OLED_Pow                               0x0800109c   Section        0  bsp_oled.o(i.OLED_Pow)
    i.OLED_SetCursor                         0x080010ac   Section        0  bsp_oled.o(i.OLED_SetCursor)
    i.OLED_ShowChar                          0x080010d0   Section        0  bsp_oled.o(i.OLED_ShowChar)
    i.OLED_ShowNum                           0x08001128   Section        0  bsp_oled.o(i.OLED_ShowNum)
    i.OLED_ShowString                        0x08001168   Section        0  bsp_oled.o(i.OLED_ShowString)
    i.OLED_WriteCommand                      0x0800118e   Section        0  bsp_oled.o(i.OLED_WriteCommand)
    i.OLED_WriteData                         0x080011b0   Section        0  bsp_oled.o(i.OLED_WriteData)
    i.PendSV_Handler                         0x080011d2   Section        0  stm32f10x_it.o(i.PendSV_Handler)
    i.RCC_APB1PeriphClockCmd                 0x080011d4   Section        0  stm32f10x_rcc.o(i.RCC_APB1PeriphClockCmd)
    i.RCC_APB2PeriphClockCmd                 0x080011f0   Section        0  stm32f10x_rcc.o(i.RCC_APB2PeriphClockCmd)
    i.RCC_GetClocksFreq                      0x0800120c   Section        0  stm32f10x_rcc.o(i.RCC_GetClocksFreq)
    i.SVC_Handler                            0x080012b8   Section        0  stm32f10x_it.o(i.SVC_Handler)
    i.SYN6288_Init                           0x080012bc   Section        0  bsp_syn6288.o(i.SYN6288_Init)
    i.SYN6288_PlayText                       0x08001344   Section        0  bsp_syn6288.o(i.SYN6288_PlayText)
    i.SYN6288_SendByte                       0x080013b0   Section        0  bsp_syn6288.o(i.SYN6288_SendByte)
    i.SYN6288_SendString                     0x080013d4   Section        0  bsp_syn6288.o(i.SYN6288_SendString)
    i.SendAddr                               0x080013f0   Section        0  bsp_as608.o(i.SendAddr)
    SendAddr                                 0x080013f1   Thumb Code    42  bsp_as608.o(i.SendAddr)
    i.SendCheck                              0x08001420   Section        0  bsp_as608.o(i.SendCheck)
    SendCheck                                0x08001421   Thumb Code    20  bsp_as608.o(i.SendCheck)
    i.SendFlag                               0x08001434   Section        0  bsp_as608.o(i.SendFlag)
    SendFlag                                 0x08001435   Thumb Code     4  bsp_as608.o(i.SendFlag)
    i.SendHead                               0x08001438   Section        0  bsp_as608.o(i.SendHead)
    SendHead                                 0x08001439   Thumb Code    18  bsp_as608.o(i.SendHead)
    i.SendLength                             0x0800144a   Section        0  bsp_as608.o(i.SendLength)
    SendLength                               0x0800144b   Thumb Code    22  bsp_as608.o(i.SendLength)
    i.Sendcmd                                0x08001460   Section        0  bsp_as608.o(i.Sendcmd)
    Sendcmd                                  0x08001461   Thumb Code     4  bsp_as608.o(i.Sendcmd)
    i.SetSysClock                            0x08001464   Section        0  system_stm32f10x.o(i.SetSysClock)
    SetSysClock                              0x08001465   Thumb Code     4  system_stm32f10x.o(i.SetSysClock)
    i.SetSysClockTo72                        0x08001468   Section        0  system_stm32f10x.o(i.SetSysClockTo72)
    SetSysClockTo72                          0x08001469   Thumb Code   166  system_stm32f10x.o(i.SetSysClockTo72)
    i.SystemInit                             0x08001518   Section        0  system_stm32f10x.o(i.SystemInit)
    i.TIM2_IRQHandler                        0x08001568   Section        0  stm32f10x_it.o(i.TIM2_IRQHandler)
    i.TIM_ClearITPendingBit                  0x0800156c   Section        0  stm32f10x_tim.o(i.TIM_ClearITPendingBit)
    i.TIM_Cmd                                0x08001572   Section        0  stm32f10x_tim.o(i.TIM_Cmd)
    i.TIM_GetCounter                         0x0800158a   Section        0  stm32f10x_tim.o(i.TIM_GetCounter)
    i.TIM_GetITStatus                        0x0800158e   Section        0  stm32f10x_tim.o(i.TIM_GetITStatus)
    i.TIM_ITConfig                           0x080015a6   Section        0  stm32f10x_tim.o(i.TIM_ITConfig)
    i.TIM_SetCounter                         0x080015ba   Section        0  stm32f10x_tim.o(i.TIM_SetCounter)
    i.TIM_TimeBaseInit                       0x080015c0   Section        0  stm32f10x_tim.o(i.TIM_TimeBaseInit)
    i.USART1_IRQHandler                      0x0800165c   Section        0  stm32f10x_it.o(i.USART1_IRQHandler)
    i.USART2_IRQHandler                      0x08001660   Section        0  bsp_esp8266.o(i.USART2_IRQHandler)
    i.USART_ClearITPendingBit                0x080016e8   Section        0  stm32f10x_usart.o(i.USART_ClearITPendingBit)
    i.USART_Cmd                              0x080016f8   Section        0  stm32f10x_usart.o(i.USART_Cmd)
    i.USART_GetFlagStatus                    0x08001710   Section        0  stm32f10x_usart.o(i.USART_GetFlagStatus)
    i.USART_GetITStatus                      0x0800171e   Section        0  stm32f10x_usart.o(i.USART_GetITStatus)
    i.USART_ITConfig                         0x0800175e   Section        0  stm32f10x_usart.o(i.USART_ITConfig)
    i.USART_Init                             0x08001794   Section        0  stm32f10x_usart.o(i.USART_Init)
    i.USART_ReceiveData                      0x08001850   Section        0  stm32f10x_usart.o(i.USART_ReceiveData)
    i.USART_SendData                         0x08001858   Section        0  stm32f10x_usart.o(i.USART_SendData)
    i.UsageFault_Handler                     0x08001860   Section        0  stm32f10x_it.o(i.UsageFault_Handler)
    i.__scatterload_copy                     0x08001862   Section       14  handlers.o(i.__scatterload_copy)
    i.__scatterload_null                     0x08001870   Section        2  handlers.o(i.__scatterload_null)
    i.__scatterload_zeroinit                 0x08001872   Section       14  handlers.o(i.__scatterload_zeroinit)
    i.main                                   0x08001880   Section        0  main.o(i.main)
    .constdata                               0x080022ac   Section     1520  oled_font.o(.constdata)
    .data                                    0x20000000   Section       20  stm32f10x_rcc.o(.data)
    ADCPrescTable                            0x20000000   Data           4  stm32f10x_rcc.o(.data)
    APBAHBPrescTable                         0x20000004   Data          16  stm32f10x_rcc.o(.data)
    .data                                    0x20000014   Section      205  main.o(.data)
    .data                                    0x200000e4   Section       12  bsp_hx711.o(.data)
    .data                                    0x200000f0   Section        8  bsp_as608.o(.data)
    rx_timeout                               0x200000f2   Data           2  bsp_as608.o(.data)
    .bss                                     0x200000f8   Section       12  main.o(.bss)
    .bss                                     0x20000104   Section      100  bsp_as608.o(.bss)
    .bss                                     0x20000168   Section     1026  bsp_esp8266.o(.bss)
    STACK                                    0x20000570   Section     1024  startup_stm32f10x_md.o(STACK)

    Global Symbols

    Symbol Name                              Value     Ov Type        Size  Object(Section)

    BuildAttributes$$THM_ISAv4$P$D$K$B$S$PE$A:L22UL41UL21$X:L11$S22US41US21$IEEE1$IW$USESV6$~STKCKD$USESV7$~SHL$OTIME$ROPI$EBA8$MICROLIB$REQ8$PRES8$EABIv2 0x00000000   Number         0  anon$$obj.o ABSOLUTE
    __ARM_use_no_argv                        0x00000000   Number         0  main.o ABSOLUTE
    _printf_a                                0x00000000   Number         0  stubs.o ABSOLUTE
    _printf_c                                0x00000000   Number         0  stubs.o ABSOLUTE
    _printf_charcount                        0x00000000   Number         0  stubs.o ABSOLUTE
    _printf_d                                0x00000000   Number         0  stubs.o ABSOLUTE
    _printf_e                                0x00000000   Number         0  stubs.o ABSOLUTE
    _printf_f                                0x00000000   Number         0  stubs.o ABSOLUTE
    _printf_flags                            0x00000000   Number         0  stubs.o ABSOLUTE
    _printf_fp_dec                           0x00000000   Number         0  stubs.o ABSOLUTE
    _printf_fp_hex                           0x00000000   Number         0  stubs.o ABSOLUTE
    _printf_g                                0x00000000   Number         0  stubs.o ABSOLUTE
    _printf_i                                0x00000000   Number         0  stubs.o ABSOLUTE
    _printf_int_dec                          0x00000000   Number         0  stubs.o ABSOLUTE
    _printf_l                                0x00000000   Number         0  stubs.o ABSOLUTE
    _printf_lc                               0x00000000   Number         0  stubs.o ABSOLUTE
    _printf_ll                               0x00000000   Number         0  stubs.o ABSOLUTE
    _printf_lld                              0x00000000   Number         0  stubs.o ABSOLUTE
    _printf_lli                              0x00000000   Number         0  stubs.o ABSOLUTE
    _printf_llo                              0x00000000   Number         0  stubs.o ABSOLUTE
    _printf_llu                              0x00000000   Number         0  stubs.o ABSOLUTE
    _printf_llx                              0x00000000   Number         0  stubs.o ABSOLUTE
    _printf_longlong_dec                     0x00000000   Number         0  stubs.o ABSOLUTE
    _printf_longlong_hex                     0x00000000   Number         0  stubs.o ABSOLUTE
    _printf_longlong_oct                     0x00000000   Number         0  stubs.o ABSOLUTE
    _printf_ls                               0x00000000   Number         0  stubs.o ABSOLUTE
    _printf_mbtowc                           0x00000000   Number         0  stubs.o ABSOLUTE
    _printf_n                                0x00000000   Number         0  stubs.o ABSOLUTE
    _printf_o                                0x00000000   Number         0  stubs.o ABSOLUTE
    _printf_p                                0x00000000   Number         0  stubs.o ABSOLUTE
    _printf_percent                          0x00000000   Number         0  stubs.o ABSOLUTE
    _printf_pre_padding                      0x00000000   Number         0  stubs.o ABSOLUTE
    _printf_return_value                     0x00000000   Number         0  stubs.o ABSOLUTE
    _printf_s                                0x00000000   Number         0  stubs.o ABSOLUTE
    _printf_sizespec                         0x00000000   Number         0  stubs.o ABSOLUTE
    _printf_str                              0x00000000   Number         0  stubs.o ABSOLUTE
    _printf_truncate_signed                  0x00000000   Number         0  stubs.o ABSOLUTE
    _printf_truncate_unsigned                0x00000000   Number         0  stubs.o ABSOLUTE
    _printf_u                                0x00000000   Number         0  stubs.o ABSOLUTE
    _printf_wc                               0x00000000   Number         0  stubs.o ABSOLUTE
    _printf_wctomb                           0x00000000   Number         0  stubs.o ABSOLUTE
    _printf_widthprec                        0x00000000   Number         0  stubs.o ABSOLUTE
    _printf_x                                0x00000000   Number         0  stubs.o ABSOLUTE
    __cpp_initialize__aeabi_                  - Undefined Weak Reference
    __cxa_finalize                            - Undefined Weak Reference
    __decompress                              - Undefined Weak Reference
    _clock_init                               - Undefined Weak Reference
    _microlib_exit                            - Undefined Weak Reference
    __Vectors_Size                           0x000000ec   Number         0  startup_stm32f10x_md.o ABSOLUTE
    __Vectors                                0x08000000   Data           4  startup_stm32f10x_md.o(RESET)
    __Vectors_End                            0x080000ec   Data           0  startup_stm32f10x_md.o(RESET)
    __main                                   0x080000ed   Thumb Code     0  entry.o(.ARM.Collect$$$$00000000)
    _main_stk                                0x080000ed   Thumb Code     0  entry2.o(.ARM.Collect$$$$00000001)
    _main_scatterload                        0x080000f1   Thumb Code     0  entry5.o(.ARM.Collect$$$$00000004)
    __main_after_scatterload                 0x080000f5   Thumb Code     0  entry5.o(.ARM.Collect$$$$00000004)
    _main_clock                              0x080000f5   Thumb Code     0  entry7b.o(.ARM.Collect$$$$00000008)
    _main_cpp_init                           0x080000f5   Thumb Code     0  entry8b.o(.ARM.Collect$$$$0000000A)
    _main_init                               0x080000f5   Thumb Code     0  entry9a.o(.ARM.Collect$$$$0000000B)
    __rt_final_cpp                           0x080000fd   Thumb Code     0  entry10a.o(.ARM.Collect$$$$0000000D)
    __rt_final_exit                          0x080000fd   Thumb Code     0  entry11a.o(.ARM.Collect$$$$0000000F)
    Reset_Handler                            0x08000101   Thumb Code     8  startup_stm32f10x_md.o(.text)
    SysTick_Handler                          0x08000119   Thumb Code     2  startup_stm32f10x_md.o(.text)
    ADC1_2_IRQHandler                        0x0800011b   Thumb Code     0  startup_stm32f10x_md.o(.text)
    CAN1_RX1_IRQHandler                      0x0800011b   Thumb Code     0  startup_stm32f10x_md.o(.text)
    CAN1_SCE_IRQHandler                      0x0800011b   Thumb Code     0  startup_stm32f10x_md.o(.text)
    DMA1_Channel1_IRQHandler                 0x0800011b   Thumb Code     0  startup_stm32f10x_md.o(.text)
    DMA1_Channel2_IRQHandler                 0x0800011b   Thumb Code     0  startup_stm32f10x_md.o(.text)
    DMA1_Channel3_IRQHandler                 0x0800011b   Thumb Code     0  startup_stm32f10x_md.o(.text)
    DMA1_Channel4_IRQHandler                 0x0800011b   Thumb Code     0  startup_stm32f10x_md.o(.text)
    DMA1_Channel5_IRQHandler                 0x0800011b   Thumb Code     0  startup_stm32f10x_md.o(.text)
    DMA1_Channel6_IRQHandler                 0x0800011b   Thumb Code     0  startup_stm32f10x_md.o(.text)
    DMA1_Channel7_IRQHandler                 0x0800011b   Thumb Code     0  startup_stm32f10x_md.o(.text)
    EXTI0_IRQHandler                         0x0800011b   Thumb Code     0  startup_stm32f10x_md.o(.text)
    EXTI15_10_IRQHandler                     0x0800011b   Thumb Code     0  startup_stm32f10x_md.o(.text)
    EXTI1_IRQHandler                         0x0800011b   Thumb Code     0  startup_stm32f10x_md.o(.text)
    EXTI2_IRQHandler                         0x0800011b   Thumb Code     0  startup_stm32f10x_md.o(.text)
    EXTI3_IRQHandler                         0x0800011b   Thumb Code     0  startup_stm32f10x_md.o(.text)
    EXTI4_IRQHandler                         0x0800011b   Thumb Code     0  startup_stm32f10x_md.o(.text)
    EXTI9_5_IRQHandler                       0x0800011b   Thumb Code     0  startup_stm32f10x_md.o(.text)
    FLASH_IRQHandler                         0x0800011b   Thumb Code     0  startup_stm32f10x_md.o(.text)
    I2C1_ER_IRQHandler                       0x0800011b   Thumb Code     0  startup_stm32f10x_md.o(.text)
    I2C1_EV_IRQHandler                       0x0800011b   Thumb Code     0  startup_stm32f10x_md.o(.text)
    I2C2_ER_IRQHandler                       0x0800011b   Thumb Code     0  startup_stm32f10x_md.o(.text)
    I2C2_EV_IRQHandler                       0x0800011b   Thumb Code     0  startup_stm32f10x_md.o(.text)
    PVD_IRQHandler                           0x0800011b   Thumb Code     0  startup_stm32f10x_md.o(.text)
    RCC_IRQHandler                           0x0800011b   Thumb Code     0  startup_stm32f10x_md.o(.text)
    RTCAlarm_IRQHandler                      0x0800011b   Thumb Code     0  startup_stm32f10x_md.o(.text)
    RTC_IRQHandler                           0x0800011b   Thumb Code     0  startup_stm32f10x_md.o(.text)
    SPI1_IRQHandler                          0x0800011b   Thumb Code     0  startup_stm32f10x_md.o(.text)
    SPI2_IRQHandler                          0x0800011b   Thumb Code     0  startup_stm32f10x_md.o(.text)
    TAMPER_IRQHandler                        0x0800011b   Thumb Code     0  startup_stm32f10x_md.o(.text)
    TIM1_BRK_IRQHandler                      0x0800011b   Thumb Code     0  startup_stm32f10x_md.o(.text)
    TIM1_CC_IRQHandler                       0x0800011b   Thumb Code     0  startup_stm32f10x_md.o(.text)
    TIM1_TRG_COM_IRQHandler                  0x0800011b   Thumb Code     0  startup_stm32f10x_md.o(.text)
    TIM1_UP_IRQHandler                       0x0800011b   Thumb Code     0  startup_stm32f10x_md.o(.text)
    TIM3_IRQHandler                          0x0800011b   Thumb Code     0  startup_stm32f10x_md.o(.text)
    TIM4_IRQHandler                          0x0800011b   Thumb Code     0  startup_stm32f10x_md.o(.text)
    USART3_IRQHandler                        0x0800011b   Thumb Code     0  startup_stm32f10x_md.o(.text)
    USBWakeUp_IRQHandler                     0x0800011b   Thumb Code     0  startup_stm32f10x_md.o(.text)
    USB_HP_CAN1_TX_IRQHandler                0x0800011b   Thumb Code     0  startup_stm32f10x_md.o(.text)
    USB_LP_CAN1_RX0_IRQHandler               0x0800011b   Thumb Code     0  startup_stm32f10x_md.o(.text)
    WWDG_IRQHandler                          0x0800011b   Thumb Code     0  startup_stm32f10x_md.o(.text)
    strstr                                   0x08000125   Thumb Code    36  strstr.o(.text)
    __aeabi_ddiv                             0x08000149   Thumb Code   222  ddiv.o(.text)
    __aeabi_i2f                              0x08000227   Thumb Code    18  fflti.o(.text)
    __aeabi_f2uiz                            0x08000239   Thumb Code    40  ffixui.o(.text)
    __aeabi_d2iz                             0x08000261   Thumb Code    62  dfixi.o(.text)
    __aeabi_f2d                              0x0800029f   Thumb Code    38  f2d.o(.text)
    __aeabi_llsr                             0x080002c5   Thumb Code    32  llushr.o(.text)
    _ll_ushift_r                             0x080002c5   Thumb Code     0  llushr.o(.text)
    __I$use$fp                               0x080002e5   Thumb Code     0  iusefp.o(.text)
    _float_round                             0x080002e5   Thumb Code    18  fepilogue.o(.text)
    _float_epilogue                          0x080002f7   Thumb Code    92  fepilogue.o(.text)
    _double_round                            0x08000353   Thumb Code    30  depilogue.o(.text)
    _double_epilogue                         0x08000371   Thumb Code   156  depilogue.o(.text)
    __scatterload                            0x0800040d   Thumb Code    28  init.o(.text)
    __scatterload_rt2                        0x0800040d   Thumb Code     0  init.o(.text)
    __aeabi_llsl                             0x08000431   Thumb Code    30  llshl.o(.text)
    _ll_shift_l                              0x08000431   Thumb Code     0  llshl.o(.text)
    AS608_Empty                              0x0800044f   Thumb Code    52  bsp_as608.o(i.AS608_Empty)
    AS608_GenChar                            0x08000483   Thumb Code    60  bsp_as608.o(i.AS608_GenChar)
    AS608_GetImage                           0x080004bf   Thumb Code    52  bsp_as608.o(i.AS608_GetImage)
    AS608_HighSpeedSearch                    0x080004f3   Thumb Code   132  bsp_as608.o(i.AS608_HighSpeedSearch)
    AS608_Init                               0x08000579   Thumb Code   244  bsp_as608.o(i.AS608_Init)
    AS608_ReadSysPara                        0x08000675   Thumb Code   100  bsp_as608.o(i.AS608_ReadSysPara)
    AS608_RegModel                           0x080006d9   Thumb Code    52  bsp_as608.o(i.AS608_RegModel)
    AS608_RxHandler                          0x0800070d   Thumb Code    82  bsp_as608.o(i.AS608_RxHandler)
    AS608_RxTimeoutHandler                   0x0800076d   Thumb Code    48  bsp_as608.o(i.AS608_RxTimeoutHandler)
    AS608_StoreChar                          0x080007a1   Thumb Code    82  bsp_as608.o(i.AS608_StoreChar)
    AS608_ValidTempleteNum                   0x080007f3   Thumb Code    66  bsp_as608.o(i.AS608_ValidTempleteNum)
    AS608_VerifyPassword                     0x08000835   Thumb Code    76  bsp_as608.o(i.AS608_VerifyPassword)
    BEEP_Init                                0x08000881   Thumb Code    48  bsp_beep.o(i.BEEP_Init)
    BEEP_Off                                 0x080008b5   Thumb Code     8  bsp_beep.o(i.BEEP_Off)
    BEEP_On                                  0x080008c1   Thumb Code     8  bsp_beep.o(i.BEEP_On)
    BusFault_Handler                         0x080008cd   Thumb Code     2  stm32f10x_it.o(i.BusFault_Handler)
    DebugMon_Handler                         0x080008cf   Thumb Code     2  stm32f10x_it.o(i.DebugMon_Handler)
    Delay_Init                               0x080008d1   Thumb Code    56  bsp_delay.o(i.Delay_Init)
    Delay_ms                                 0x08000909   Thumb Code    26  bsp_delay.o(i.Delay_ms)
    Delay_us                                 0x08000923   Thumb Code    28  bsp_delay.o(i.Delay_us)
    ESP8266_Init                             0x08000941   Thumb Code   162  bsp_esp8266.o(i.ESP8266_Init)
    GPIO_Init                                0x080009ed   Thumb Code   166  stm32f10x_gpio.o(i.GPIO_Init)
    GPIO_ReadInputData                       0x08000a93   Thumb Code     6  stm32f10x_gpio.o(i.GPIO_ReadInputData)
    GPIO_ReadInputDataBit                    0x08000a99   Thumb Code    14  stm32f10x_gpio.o(i.GPIO_ReadInputDataBit)
    GPIO_ResetBits                           0x08000aa7   Thumb Code     4  stm32f10x_gpio.o(i.GPIO_ResetBits)
    GPIO_SetBits                             0x08000aab   Thumb Code     4  stm32f10x_gpio.o(i.GPIO_SetBits)
    GPIO_WriteBit                            0x08000aaf   Thumb Code    12  stm32f10x_gpio.o(i.GPIO_WriteBit)
    HX711_GetWeight                          0x08000abd   Thumb Code    58  bsp_hx711.o(i.HX711_GetWeight)
    HX711_GetZero                            0x08000b01   Thumb Code    12  bsp_hx711.o(i.HX711_GetZero)
    HX711_Init                               0x08000b11   Thumb Code    68  bsp_hx711.o(i.HX711_Init)
    HX711_Read                               0x08000b59   Thumb Code   118  bsp_hx711.o(i.HX711_Read)
    HardFault_Handler                        0x08000bd5   Thumb Code     2  stm32f10x_it.o(i.HardFault_Handler)
    KEY_Init                                 0x08000c45   Thumb Code    70  bsp_key.o(i.KEY_Init)
    KEY_Scan                                 0x08000c95   Thumb Code   362  bsp_key.o(i.KEY_Scan)
    MemManage_Handler                        0x08000e1d   Thumb Code     2  stm32f10x_it.o(i.MemManage_Handler)
    NMI_Handler                              0x08000e1f   Thumb Code     2  stm32f10x_it.o(i.NMI_Handler)
    NVIC_Init                                0x08000e21   Thumb Code    96  misc.o(i.NVIC_Init)
    OLED_Clear                               0x08000e85   Thumb Code    38  bsp_oled.o(i.OLED_Clear)
    OLED_I2C_Init                            0x08000ead   Thumb Code    76  bsp_oled.o(i.OLED_I2C_Init)
    OLED_I2C_SendByte                        0x08000efd   Thumb Code   110  bsp_oled.o(i.OLED_I2C_SendByte)
    OLED_I2C_Start                           0x08000f71   Thumb Code    64  bsp_oled.o(i.OLED_I2C_Start)
    OLED_I2C_Stop                            0x08000fb5   Thumb Code    54  bsp_oled.o(i.OLED_I2C_Stop)
    OLED_Init                                0x08000ff1   Thumb Code   172  bsp_oled.o(i.OLED_Init)
    OLED_Pow                                 0x0800109d   Thumb Code    16  bsp_oled.o(i.OLED_Pow)
    OLED_SetCursor                           0x080010ad   Thumb Code    34  bsp_oled.o(i.OLED_SetCursor)
    OLED_ShowChar                            0x080010d1   Thumb Code    82  bsp_oled.o(i.OLED_ShowChar)
    OLED_ShowNum                             0x08001129   Thumb Code    64  bsp_oled.o(i.OLED_ShowNum)
    OLED_ShowString                          0x08001169   Thumb Code    38  bsp_oled.o(i.OLED_ShowString)
    OLED_WriteCommand                        0x0800118f   Thumb Code    34  bsp_oled.o(i.OLED_WriteCommand)
    OLED_WriteData                           0x080011b1   Thumb Code    34  bsp_oled.o(i.OLED_WriteData)
    PendSV_Handler                           0x080011d3   Thumb Code     2  stm32f10x_it.o(i.PendSV_Handler)
    RCC_APB1PeriphClockCmd                   0x080011d5   Thumb Code    22  stm32f10x_rcc.o(i.RCC_APB1PeriphClockCmd)
    RCC_APB2PeriphClockCmd                   0x080011f1   Thumb Code    22  stm32f10x_rcc.o(i.RCC_APB2PeriphClockCmd)
    RCC_GetClocksFreq                        0x0800120d   Thumb Code   154  stm32f10x_rcc.o(i.RCC_GetClocksFreq)
    SVC_Handler                              0x080012b9   Thumb Code     2  stm32f10x_it.o(i.SVC_Handler)
    SYN6288_Init                             0x080012bd   Thumb Code   128  bsp_syn6288.o(i.SYN6288_Init)
    SYN6288_PlayText                         0x08001345   Thumb Code   106  bsp_syn6288.o(i.SYN6288_PlayText)
    SYN6288_SendByte                         0x080013b1   Thumb Code    30  bsp_syn6288.o(i.SYN6288_SendByte)
    SYN6288_SendString                       0x080013d5   Thumb Code    28  bsp_syn6288.o(i.SYN6288_SendString)
    SystemInit                               0x08001519   Thumb Code    64  system_stm32f10x.o(i.SystemInit)
    TIM2_IRQHandler                          0x08001569   Thumb Code     4  stm32f10x_it.o(i.TIM2_IRQHandler)
    TIM_ClearITPendingBit                    0x0800156d   Thumb Code     6  stm32f10x_tim.o(i.TIM_ClearITPendingBit)
    TIM_Cmd                                  0x08001573   Thumb Code    24  stm32f10x_tim.o(i.TIM_Cmd)
    TIM_GetCounter                           0x0800158b   Thumb Code     4  stm32f10x_tim.o(i.TIM_GetCounter)
    TIM_GetITStatus                          0x0800158f   Thumb Code    24  stm32f10x_tim.o(i.TIM_GetITStatus)
    TIM_ITConfig                             0x080015a7   Thumb Code    20  stm32f10x_tim.o(i.TIM_ITConfig)
    TIM_SetCounter                           0x080015bb   Thumb Code     4  stm32f10x_tim.o(i.TIM_SetCounter)
    TIM_TimeBaseInit                         0x080015c1   Thumb Code   114  stm32f10x_tim.o(i.TIM_TimeBaseInit)
    USART1_IRQHandler                        0x0800165d   Thumb Code     4  stm32f10x_it.o(i.USART1_IRQHandler)
    USART2_IRQHandler                        0x08001661   Thumb Code   128  bsp_esp8266.o(i.USART2_IRQHandler)
    USART_ClearITPendingBit                  0x080016e9   Thumb Code    16  stm32f10x_usart.o(i.USART_ClearITPendingBit)
    USART_Cmd                                0x080016f9   Thumb Code    24  stm32f10x_usart.o(i.USART_Cmd)
    USART_GetFlagStatus                      0x08001711   Thumb Code    14  stm32f10x_usart.o(i.USART_GetFlagStatus)
    USART_GetITStatus                        0x0800171f   Thumb Code    64  stm32f10x_usart.o(i.USART_GetITStatus)
    USART_ITConfig                           0x0800175f   Thumb Code    54  stm32f10x_usart.o(i.USART_ITConfig)
    USART_Init                               0x08001795   Thumb Code   182  stm32f10x_usart.o(i.USART_Init)
    USART_ReceiveData                        0x08001851   Thumb Code     8  stm32f10x_usart.o(i.USART_ReceiveData)
    USART_SendData                           0x08001859   Thumb Code     8  stm32f10x_usart.o(i.USART_SendData)
    UsageFault_Handler                       0x08001861   Thumb Code     2  stm32f10x_it.o(i.UsageFault_Handler)
    __scatterload_copy                       0x08001863   Thumb Code    14  handlers.o(i.__scatterload_copy)
    __scatterload_null                       0x08001871   Thumb Code     2  handlers.o(i.__scatterload_null)
    __scatterload_zeroinit                   0x08001873   Thumb Code    14  handlers.o(i.__scatterload_zeroinit)
    main                                     0x08001881   Thumb Code  2298  main.o(i.main)
    OLED_F8x16                               0x080022ac   Data        1520  oled_font.o(.constdata)
    Region$$Table$$Base                      0x0800289c   Number         0  anon$$obj.o(Region$$Table)
    Region$$Table$$Limit                     0x080028bc   Number         0  anon$$obj.o(Region$$Table)
    fp_result                                0x20000014   Data           4  main.o(.data)
    fp_place_text                            0x20000018   Data           8  main.o(.data)
    welcome_text                             0x20000020   Data          17  main.o(.data)
    key1_text                                0x20000031   Data          13  main.o(.data)
    weight_text                              0x2000003e   Data           9  main.o(.data)
    raw_data_text                            0x20000047   Data          15  main.o(.data)
    clear_text                               0x20000056   Data          11  main.o(.data)
    beep_text                                0x20000061   Data          13  main.o(.data)
    weight_done_text                         0x2000006e   Data          13  main.o(.data)
    fp_init_ok_text                          0x2000007b   Data          11  main.o(.data)
    fp_init_error_text                       0x20000086   Data          11  main.o(.data)
    fp_register_ok_text                      0x20000091   Data          13  main.o(.data)
    fp_register_error_text                   0x2000009e   Data          13  main.o(.data)
    fp_verify_ok_text                        0x200000ab   Data          13  main.o(.data)
    fp_verify_error_text                     0x200000b8   Data          13  main.o(.data)
    fp_empty_ok_text                         0x200000c5   Data          14  main.o(.data)
    fp_empty_error_text                      0x200000d3   Data          14  main.o(.data)
    HX711_Buffer                             0x200000e4   Data           4  bsp_hx711.o(.data)
    Weight_Maopi                             0x200000e8   Data           4  bsp_hx711.o(.data)
    Weight_Shiwu                             0x200000ec   Data           4  bsp_hx711.o(.data)
    USART1_RX_STA                            0x200000f0   Data           2  bsp_as608.o(.data)
    AS608Addr                                0x200000f4   Data           4  bsp_as608.o(.data)
    fp_para                                  0x200000f8   Data          12  main.o(.bss)
    USART1_RX_BUF                            0x20000104   Data         100  bsp_as608.o(.bss)
    ESP8266_Frame                            0x20000168   Data        1026  bsp_esp8266.o(.bss)
    __initial_sp                             0x20000970   Data           0  startup_stm32f10x_md.o(STACK)



==============================================================================

Memory Map of the image

  Image Entry point : 0x080000ed

  Load Region LR_IROM1 (Base: 0x08000000, Size: 0x000029b4, Max: 0x00010000, ABSOLUTE)

    Execution Region ER_IROM1 (Exec base: 0x08000000, Load base: 0x08000000, Size: 0x000028bc, Max: 0x00010000, ABSOLUTE)

    Exec Addr    Load Addr    Size         Type   Attr      Idx    E Section Name        Object

    0x08000000   0x08000000   0x000000ec   Data   RO            3    RESET               startup_stm32f10x_md.o
    0x080000ec   0x080000ec   0x00000000   Code   RO         3870  * .ARM.Collect$$$$00000000  mc_w.l(entry.o)
    0x080000ec   0x080000ec   0x00000004   Code   RO         4148    .ARM.Collect$$$$00000001  mc_w.l(entry2.o)
    0x080000f0   0x080000f0   0x00000004   Code   RO         4151    .ARM.Collect$$$$00000004  mc_w.l(entry5.o)
    0x080000f4   0x080000f4   0x00000000   Code   RO         4153    .ARM.Collect$$$$00000008  mc_w.l(entry7b.o)
    0x080000f4   0x080000f4   0x00000000   Code   RO         4155    .ARM.Collect$$$$0000000A  mc_w.l(entry8b.o)
    0x080000f4   0x080000f4   0x00000008   Code   RO         4156    .ARM.Collect$$$$0000000B  mc_w.l(entry9a.o)
    0x080000fc   0x080000fc   0x00000000   Code   RO         4158    .ARM.Collect$$$$0000000D  mc_w.l(entry10a.o)
    0x080000fc   0x080000fc   0x00000000   Code   RO         4160    .ARM.Collect$$$$0000000F  mc_w.l(entry11a.o)
    0x080000fc   0x080000fc   0x00000004   Code   RO         4149    .ARM.Collect$$$$00002712  mc_w.l(entry2.o)
    0x08000100   0x08000100   0x00000024   Code   RO            4    .text               startup_stm32f10x_md.o
    0x08000124   0x08000124   0x00000024   Code   RO         3875    .text               mc_w.l(strstr.o)
    0x08000148   0x08000148   0x000000de   Code   RO         4138    .text               mf_w.l(ddiv.o)
    0x08000226   0x08000226   0x00000012   Code   RO         4140    .text               mf_w.l(fflti.o)
    0x08000238   0x08000238   0x00000028   Code   RO         4142    .text               mf_w.l(ffixui.o)
    0x08000260   0x08000260   0x0000003e   Code   RO         4144    .text               mf_w.l(dfixi.o)
    0x0800029e   0x0800029e   0x00000026   Code   RO         4146    .text               mf_w.l(f2d.o)
    0x080002c4   0x080002c4   0x00000020   Code   RO         4169    .text               mc_w.l(llushr.o)
    0x080002e4   0x080002e4   0x00000000   Code   RO         4171    .text               mc_w.l(iusefp.o)
    0x080002e4   0x080002e4   0x0000006e   Code   RO         4172    .text               mf_w.l(fepilogue.o)
    0x08000352   0x08000352   0x000000ba   Code   RO         4174    .text               mf_w.l(depilogue.o)
    0x0800040c   0x0800040c   0x00000024   Code   RO         4184    .text               mc_w.l(init.o)
    0x08000430   0x08000430   0x0000001e   Code   RO         4187    .text               mc_w.l(llshl.o)
    0x0800044e   0x0800044e   0x00000034   Code   RO         3567    i.AS608_Empty       bsp_as608.o
    0x08000482   0x08000482   0x0000003c   Code   RO         3569    i.AS608_GenChar     bsp_as608.o
    0x080004be   0x080004be   0x00000034   Code   RO         3570    i.AS608_GetImage    bsp_as608.o
    0x080004f2   0x080004f2   0x00000084   Code   RO         3572    i.AS608_HighSpeedSearch  bsp_as608.o
    0x08000576   0x08000576   0x00000002   PAD
    0x08000578   0x08000578   0x000000fc   Code   RO         3573    i.AS608_Init        bsp_as608.o
    0x08000674   0x08000674   0x00000064   Code   RO         3576    i.AS608_ReadSysPara  bsp_as608.o
    0x080006d8   0x080006d8   0x00000034   Code   RO         3577    i.AS608_RegModel    bsp_as608.o
    0x0800070c   0x0800070c   0x00000060   Code   RO         3578    i.AS608_RxHandler   bsp_as608.o
    0x0800076c   0x0800076c   0x00000034   Code   RO         3579    i.AS608_RxTimeoutHandler  bsp_as608.o
    0x080007a0   0x080007a0   0x00000052   Code   RO         3582    i.AS608_StoreChar   bsp_as608.o
    0x080007f2   0x080007f2   0x00000042   Code   RO         3583    i.AS608_ValidTempleteNum  bsp_as608.o
    0x08000834   0x08000834   0x0000004c   Code   RO         3584    i.AS608_VerifyPassword  bsp_as608.o
    0x08000880   0x08000880   0x00000034   Code   RO         3322    i.BEEP_Init         bsp_beep.o
    0x080008b4   0x080008b4   0x0000000c   Code   RO         3323    i.BEEP_Off          bsp_beep.o
    0x080008c0   0x080008c0   0x0000000c   Code   RO         3324    i.BEEP_On           bsp_beep.o
    0x080008cc   0x080008cc   0x00000002   Code   RO         3253    i.BusFault_Handler  stm32f10x_it.o
    0x080008ce   0x080008ce   0x00000002   Code   RO         3254    i.DebugMon_Handler  stm32f10x_it.o
    0x080008d0   0x080008d0   0x00000038   Code   RO         3355    i.Delay_Init        bsp_delay.o
    0x08000908   0x08000908   0x0000001a   Code   RO         3356    i.Delay_ms          bsp_delay.o
    0x08000922   0x08000922   0x0000001c   Code   RO         3357    i.Delay_us          bsp_delay.o
    0x0800093e   0x0800093e   0x00000002   PAD
    0x08000940   0x08000940   0x000000ac   Code   RO         3790    i.ESP8266_Init      bsp_esp8266.o
    0x080009ec   0x080009ec   0x000000a6   Code   RO         1347    i.GPIO_Init         stm32f10x_gpio.o
    0x08000a92   0x08000a92   0x00000006   Code   RO         1350    i.GPIO_ReadInputData  stm32f10x_gpio.o
    0x08000a98   0x08000a98   0x0000000e   Code   RO         1351    i.GPIO_ReadInputDataBit  stm32f10x_gpio.o
    0x08000aa6   0x08000aa6   0x00000004   Code   RO         1354    i.GPIO_ResetBits    stm32f10x_gpio.o
    0x08000aaa   0x08000aaa   0x00000004   Code   RO         1355    i.GPIO_SetBits      stm32f10x_gpio.o
    0x08000aae   0x08000aae   0x0000000c   Code   RO         1358    i.GPIO_WriteBit     stm32f10x_gpio.o
    0x08000aba   0x08000aba   0x00000002   PAD
    0x08000abc   0x08000abc   0x00000044   Code   RO         3530    i.HX711_GetWeight   bsp_hx711.o
    0x08000b00   0x08000b00   0x00000010   Code   RO         3531    i.HX711_GetZero     bsp_hx711.o
    0x08000b10   0x08000b10   0x00000048   Code   RO         3532    i.HX711_Init        bsp_hx711.o
    0x08000b58   0x08000b58   0x0000007c   Code   RO         3533    i.HX711_Read        bsp_hx711.o
    0x08000bd4   0x08000bd4   0x00000002   Code   RO         3255    i.HardFault_Handler  stm32f10x_it.o
    0x08000bd6   0x08000bd6   0x00000002   PAD
    0x08000bd8   0x08000bd8   0x0000006c   Code   RO         3587    i.JudgeStr          bsp_as608.o
    0x08000c44   0x08000c44   0x00000050   Code   RO         3504    i.KEY_Init          bsp_key.o
    0x08000c94   0x08000c94   0x00000174   Code   RO         3505    i.KEY_Scan          bsp_key.o
    0x08000e08   0x08000e08   0x00000014   Code   RO         3588    i.MYUSART_SendData  bsp_as608.o
    0x08000e1c   0x08000e1c   0x00000002   Code   RO         3256    i.MemManage_Handler  stm32f10x_it.o
    0x08000e1e   0x08000e1e   0x00000002   Code   RO         3257    i.NMI_Handler       stm32f10x_it.o
    0x08000e20   0x08000e20   0x00000064   Code   RO          137    i.NVIC_Init         misc.o
    0x08000e84   0x08000e84   0x00000026   Code   RO         3382    i.OLED_Clear        bsp_oled.o
    0x08000eaa   0x08000eaa   0x00000002   PAD
    0x08000eac   0x08000eac   0x00000050   Code   RO         3383    i.OLED_I2C_Init     bsp_oled.o
    0x08000efc   0x08000efc   0x00000074   Code   RO         3384    i.OLED_I2C_SendByte  bsp_oled.o
    0x08000f70   0x08000f70   0x00000044   Code   RO         3385    i.OLED_I2C_Start    bsp_oled.o
    0x08000fb4   0x08000fb4   0x0000003c   Code   RO         3386    i.OLED_I2C_Stop     bsp_oled.o
    0x08000ff0   0x08000ff0   0x000000ac   Code   RO         3387    i.OLED_Init         bsp_oled.o
    0x0800109c   0x0800109c   0x00000010   Code   RO         3388    i.OLED_Pow          bsp_oled.o
    0x080010ac   0x080010ac   0x00000022   Code   RO         3389    i.OLED_SetCursor    bsp_oled.o
    0x080010ce   0x080010ce   0x00000002   PAD
    0x080010d0   0x080010d0   0x00000058   Code   RO         3391    i.OLED_ShowChar     bsp_oled.o
    0x08001128   0x08001128   0x00000040   Code   RO         3393    i.OLED_ShowNum      bsp_oled.o
    0x08001168   0x08001168   0x00000026   Code   RO         3395    i.OLED_ShowString   bsp_oled.o
    0x0800118e   0x0800118e   0x00000022   Code   RO         3396    i.OLED_WriteCommand  bsp_oled.o
    0x080011b0   0x080011b0   0x00000022   Code   RO         3397    i.OLED_WriteData    bsp_oled.o
    0x080011d2   0x080011d2   0x00000002   Code   RO         3258    i.PendSV_Handler    stm32f10x_it.o
    0x080011d4   0x080011d4   0x0000001c   Code   RO         1775    i.RCC_APB1PeriphClockCmd  stm32f10x_rcc.o
    0x080011f0   0x080011f0   0x0000001c   Code   RO         1777    i.RCC_APB2PeriphClockCmd  stm32f10x_rcc.o
    0x0800120c   0x0800120c   0x000000ac   Code   RO         1785    i.RCC_GetClocksFreq  stm32f10x_rcc.o
    0x080012b8   0x080012b8   0x00000002   Code   RO         3259    i.SVC_Handler       stm32f10x_it.o
    0x080012ba   0x080012ba   0x00000002   PAD
    0x080012bc   0x080012bc   0x00000088   Code   RO         3752    i.SYN6288_Init      bsp_syn6288.o
    0x08001344   0x08001344   0x0000006a   Code   RO         3753    i.SYN6288_PlayText  bsp_syn6288.o
    0x080013ae   0x080013ae   0x00000002   PAD
    0x080013b0   0x080013b0   0x00000024   Code   RO         3754    i.SYN6288_SendByte  bsp_syn6288.o
    0x080013d4   0x080013d4   0x0000001c   Code   RO         3755    i.SYN6288_SendString  bsp_syn6288.o
    0x080013f0   0x080013f0   0x00000030   Code   RO         3589    i.SendAddr          bsp_as608.o
    0x08001420   0x08001420   0x00000014   Code   RO         3590    i.SendCheck         bsp_as608.o
    0x08001434   0x08001434   0x00000004   Code   RO         3591    i.SendFlag          bsp_as608.o
    0x08001438   0x08001438   0x00000012   Code   RO         3592    i.SendHead          bsp_as608.o
    0x0800144a   0x0800144a   0x00000016   Code   RO         3593    i.SendLength        bsp_as608.o
    0x08001460   0x08001460   0x00000004   Code   RO         3594    i.Sendcmd           bsp_as608.o
    0x08001464   0x08001464   0x00000004   Code   RO           24    i.SetSysClock       system_stm32f10x.o
    0x08001468   0x08001468   0x000000b0   Code   RO           25    i.SetSysClockTo72   system_stm32f10x.o
    0x08001518   0x08001518   0x00000050   Code   RO           27    i.SystemInit        system_stm32f10x.o
    0x08001568   0x08001568   0x00000004   Code   RO         3260    i.TIM2_IRQHandler   stm32f10x_it.o
    0x0800156c   0x0800156c   0x00000006   Code   RO         2416    i.TIM_ClearITPendingBit  stm32f10x_tim.o
    0x08001572   0x08001572   0x00000018   Code   RO         2421    i.TIM_Cmd           stm32f10x_tim.o
    0x0800158a   0x0800158a   0x00000004   Code   RO         2440    i.TIM_GetCounter    stm32f10x_tim.o
    0x0800158e   0x0800158e   0x00000018   Code   RO         2442    i.TIM_GetITStatus   stm32f10x_tim.o
    0x080015a6   0x080015a6   0x00000014   Code   RO         2446    i.TIM_ITConfig      stm32f10x_tim.o
    0x080015ba   0x080015ba   0x00000004   Code   RO         2486    i.TIM_SetCounter    stm32f10x_tim.o
    0x080015be   0x080015be   0x00000002   PAD
    0x080015c0   0x080015c0   0x0000009c   Code   RO         2492    i.TIM_TimeBaseInit  stm32f10x_tim.o
    0x0800165c   0x0800165c   0x00000004   Code   RO         3261    i.USART1_IRQHandler  stm32f10x_it.o
    0x08001660   0x08001660   0x00000088   Code   RO         3798    i.USART2_IRQHandler  bsp_esp8266.o
    0x080016e8   0x080016e8   0x00000010   Code   RO         2957    i.USART_ClearITPendingBit  stm32f10x_usart.o
    0x080016f8   0x080016f8   0x00000018   Code   RO         2960    i.USART_Cmd         stm32f10x_usart.o
    0x08001710   0x08001710   0x0000000e   Code   RO         2963    i.USART_GetFlagStatus  stm32f10x_usart.o
    0x0800171e   0x0800171e   0x00000040   Code   RO         2964    i.USART_GetITStatus  stm32f10x_usart.o
    0x0800175e   0x0800175e   0x00000036   Code   RO         2966    i.USART_ITConfig    stm32f10x_usart.o
    0x08001794   0x08001794   0x000000bc   Code   RO         2967    i.USART_Init        stm32f10x_usart.o
    0x08001850   0x08001850   0x00000008   Code   RO         2974    i.USART_ReceiveData  stm32f10x_usart.o
    0x08001858   0x08001858   0x00000008   Code   RO         2977    i.USART_SendData    stm32f10x_usart.o
    0x08001860   0x08001860   0x00000002   Code   RO         3262    i.UsageFault_Handler  stm32f10x_it.o
    0x08001862   0x08001862   0x0000000e   Code   RO         4194    i.__scatterload_copy  mc_w.l(handlers.o)
    0x08001870   0x08001870   0x00000002   Code   RO         4195    i.__scatterload_null  mc_w.l(handlers.o)
    0x08001872   0x08001872   0x0000000e   Code   RO         4196    i.__scatterload_zeroinit  mc_w.l(handlers.o)
    0x08001880   0x08001880   0x00000a2c   Code   RO         3196    i.main              main.o
    0x080022ac   0x080022ac   0x000005f0   Data   RO         3491    .constdata          oled_font.o
    0x0800289c   0x0800289c   0x00000020   Data   RO         4192    Region$$Table       anon$$obj.o


    Execution Region RW_IRAM1 (Exec base: 0x20000000, Load base: 0x080028bc, Size: 0x00000970, Max: 0x00005000, ABSOLUTE)

    Exec Addr    Load Addr    Size         Type   Attr      Idx    E Section Name        Object

    0x20000000   0x080028bc   0x00000014   Data   RW         1805    .data               stm32f10x_rcc.o
    0x20000014   0x080028d0   0x000000cd   Data   RW         3198    .data               main.o
    0x200000e1   0x0800299d   0x00000003   PAD
    0x200000e4   0x080029a0   0x0000000c   Data   RW         3534    .data               bsp_hx711.o
    0x200000f0   0x080029ac   0x00000008   Data   RW         3596    .data               bsp_as608.o
    0x200000f8        -       0x0000000c   Zero   RW         3197    .bss                main.o
    0x20000104        -       0x00000064   Zero   RW         3595    .bss                bsp_as608.o
    0x20000168        -       0x00000402   Zero   RW         3799    .bss                bsp_esp8266.o
    0x2000056a   0x080029b4   0x00000006   PAD
    0x20000570        -       0x00000400   Zero   RW            1    STACK               startup_stm32f10x_md.o


==============================================================================

Image component sizes


      Code (inc. data)   RO Data    RW Data    ZI Data      Debug   Object Name

      1316         46          0          8        100      11866   bsp_as608.o
        76         12          0          0          0       1161   bsp_beep.o
       110          0          0          0          0       1387   bsp_delay.o
       308         18          0          0       1026       2303   bsp_esp8266.o
       280         24          0         12          0       2177   bsp_hx711.o
       452         20          0          0          0       1358   bsp_key.o
       842         26          0          0          0       6796   bsp_oled.o
       306         14          0          0          0       2718   bsp_syn6288.o
         0          0          0          0          0       4508   core_cm3.o
      2604        766          0        205         12       4112   main.o
       100          4          0          0          0     204208   misc.o
         0          0       1520          0          0        437   oled_font.o
        36          8        236          0       1024        780   startup_stm32f10x_md.o
         0          0          0          0          0       1628   stm32f10x_adc.o
       206          0          0          0          0      12701   stm32f10x_gpio.o
        24          0          0          0          0       3850   stm32f10x_it.o
       228         30          0         20          0      12966   stm32f10x_rcc.o
       238         42          0          0          0      24528   stm32f10x_tim.o
       376          6          0          0          0      12511   stm32f10x_usart.o
       260         26          0          0          0      44957   system_stm32f10x.o

    ----------------------------------------------------------------------
      7780       1042       1788        248       2168     356952   Object Totals
         0          0         32          0          0          0   (incl. Generated)
        18          0          0          3          6          0   (incl. Padding)

    ----------------------------------------------------------------------

      Code (inc. data)   RO Data    RW Data    ZI Data      Debug   Library Member Name

         0          0          0          0          0          0   entry.o
         0          0          0          0          0          0   entry10a.o
         0          0          0          0          0          0   entry11a.o
         8          4          0          0          0          0   entry2.o
         4          0          0          0          0          0   entry5.o
         0          0          0          0          0          0   entry7b.o
         0          0          0          0          0          0   entry8b.o
         8          4          0          0          0          0   entry9a.o
        30          0          0          0          0          0   handlers.o
        36          8          0          0          0         68   init.o
         0          0          0          0          0          0   iusefp.o
        30          0          0          0          0         68   llshl.o
        32          0          0          0          0         68   llushr.o
        36          0          0          0          0         80   strstr.o
       222          0          0          0          0        100   ddiv.o
       186          0          0          0          0        176   depilogue.o
        62          0          0          0          0         80   dfixi.o
        38          0          0          0          0         68   f2d.o
       110          0          0          0          0        168   fepilogue.o
        40          0          0          0          0         68   ffixui.o
        18          0          0          0          0         68   fflti.o

    ----------------------------------------------------------------------
       860         16          0          0          0       1012   Library Totals
         0          0          0          0          0          0   (incl. Padding)

    ----------------------------------------------------------------------

      Code (inc. data)   RO Data    RW Data    ZI Data      Debug   Library Name

       184         16          0          0          0        284   mc_w.l
       676          0          0          0          0        728   mf_w.l

    ----------------------------------------------------------------------
       860         16          0          0          0       1012   Library Totals

    ----------------------------------------------------------------------

==============================================================================


      Code (inc. data)   RO Data    RW Data    ZI Data      Debug   

      8640       1058       1788        248       2168     353228   Grand Totals
      8640       1058       1788        248       2168     353228   ELF Image Totals
      8640       1058       1788        248          0          0   ROM Totals

==============================================================================

    Total RO  Size (Code + RO Data)                10428 (  10.18kB)
    Total RW  Size (RW Data + ZI Data)              2416 (   2.36kB)
    Total ROM Size (Code + RO Data + RW Data)      10676 (  10.43kB)

==============================================================================

